Component: ARM Compiler 5.06 update 5 (build 528) Tool: armlink [4d35e2]

==============================================================================

Section Cross References

    startup_stm32f103xe.o(RESET) refers to startup_stm32f103xe.o(STACK) for __initial_sp
    startup_stm32f103xe.o(RESET) refers to startup_stm32f103xe.o(.text) for Reset_Handler
    startup_stm32f103xe.o(RESET) refers to stm32f1xx_it.o(i.NMI_Handler) for NMI_Handler
    startup_stm32f103xe.o(RESET) refers to context_rvds.o(.text) for HardFault_Handler
    startup_stm32f103xe.o(RESET) refers to stm32f1xx_it.o(i.MemManage_Handler) for MemManage_Handler
    startup_stm32f103xe.o(RESET) refers to stm32f1xx_it.o(i.BusFault_Handler) for BusFault_Handler
    startup_stm32f103xe.o(RESET) refers to stm32f1xx_it.o(i.UsageFault_Handler) for UsageFault_Handler
    startup_stm32f103xe.o(RESET) refers to stm32f1xx_it.o(i.SVC_Handler) for SVC_Handler
    startup_stm32f103xe.o(RESET) refers to stm32f1xx_it.o(i.DebugMon_Handler) for DebugMon_Handler
    startup_stm32f103xe.o(RESET) refers to board.o(i.SysTick_Handler) for SysTick_Handler
    startup_stm32f103xe.o(RESET) refers to stm32f1xx_it.o(i.EXTI2_IRQHandler) for EXTI2_IRQHandler
    startup_stm32f103xe.o(RESET) refers to stm32f1xx_it.o(i.DMA1_Channel1_IRQHandler) for DMA1_Channel1_IRQHandler
    startup_stm32f103xe.o(RESET) refers to stm32f1xx_it.o(i.DMA1_Channel2_IRQHandler) for DMA1_Channel2_IRQHandler
    startup_stm32f103xe.o(RESET) refers to stm32f1xx_it.o(i.DMA1_Channel3_IRQHandler) for DMA1_Channel3_IRQHandler
    startup_stm32f103xe.o(RESET) refers to stm32f1xx_it.o(i.TIM2_IRQHandler) for TIM2_IRQHandler
    startup_stm32f103xe.o(RESET) refers to stm32f1xx_it.o(i.USART1_IRQHandler) for USART1_IRQHandler
    startup_stm32f103xe.o(RESET) refers to stm32f1xx_it.o(i.USART3_IRQHandler) for USART3_IRQHandler
    startup_stm32f103xe.o(RESET) refers to stm32f1xx_it.o(i.TIM5_IRQHandler) for TIM5_IRQHandler
    startup_stm32f103xe.o(.text) refers to system_stm32f1xx.o(i.SystemInit) for SystemInit
    startup_stm32f103xe.o(.text) refers to entry.o(.ARM.Collect$$$$00000000) for __main
    pid.o(i.PID_Init) refers to pid.o(.bss) for PIDMotorSpeed1
    pid.o(i.PID_realize) refers to fadd.o(.text) for __aeabi_fsub
    pid.o(i.PID_realize) refers to cfrcmple.o(.text) for __aeabi_cfrcmple
    pid.o(i.PID_realize) refers to fmul.o(.text) for __aeabi_fmul
    pid.o(i.PI_realize) refers to fadd.o(.text) for __aeabi_fsub
    pid.o(i.PI_realize) refers to fmul.o(.text) for __aeabi_fmul
    pid.o(i.P_realize) refers to fadd.o(.text) for __aeabi_fsub
    pid.o(i.P_realize) refers to fmul.o(.text) for __aeabi_fmul
    niming.o(i.ANO_DT_Send_F1) refers to stm32f1xx_hal_uart.o(i.HAL_UART_Transmit) for HAL_UART_Transmit
    niming.o(i.ANO_DT_Send_F1) refers to niming.o(.bss) for data_to_send
    niming.o(i.ANO_DT_Send_F1) refers to usart.o(.bss) for huart1
    niming.o(i.ANO_DT_Send_F2) refers to stm32f1xx_hal_uart.o(i.HAL_UART_Transmit) for HAL_UART_Transmit
    niming.o(i.ANO_DT_Send_F2) refers to niming.o(.bss) for data_to_send
    niming.o(i.ANO_DT_Send_F2) refers to usart.o(.bss) for huart1
    niming.o(i.ANO_DT_Send_F3) refers to stm32f1xx_hal_uart.o(i.HAL_UART_Transmit) for HAL_UART_Transmit
    niming.o(i.ANO_DT_Send_F3) refers to niming.o(.bss) for data_to_send
    niming.o(i.ANO_DT_Send_F3) refers to usart.o(.bss) for huart1
    motor.o(i.Motor_Set) refers to stm32f1xx_hal_gpio.o(i.HAL_GPIO_WritePin) for HAL_GPIO_WritePin
    motor.o(i.Motor_Set) refers to tim.o(.bss) for htim3
    cjson.o(i.add_item_to_array) refers to cjson.o(i.suffix_object) for suffix_object
    cjson.o(i.add_item_to_object) refers to cjson.o(i.cast_away_const) for cast_away_const
    cjson.o(i.add_item_to_object) refers to cjson.o(i.cJSON_strdup) for cJSON_strdup
    cjson.o(i.add_item_to_object) refers to cjson.o(i.add_item_to_array) for add_item_to_array
    cjson.o(i.cJSON_AddArrayToObject) refers to cjson.o(i.cJSON_CreateArray) for cJSON_CreateArray
    cjson.o(i.cJSON_AddArrayToObject) refers to cjson.o(i.add_item_to_object) for add_item_to_object
    cjson.o(i.cJSON_AddArrayToObject) refers to cjson.o(i.cJSON_Delete) for cJSON_Delete
    cjson.o(i.cJSON_AddArrayToObject) refers to cjson.o(.data) for global_hooks
    cjson.o(i.cJSON_AddBoolToObject) refers to cjson.o(i.cJSON_CreateBool) for cJSON_CreateBool
    cjson.o(i.cJSON_AddBoolToObject) refers to cjson.o(i.add_item_to_object) for add_item_to_object
    cjson.o(i.cJSON_AddBoolToObject) refers to cjson.o(i.cJSON_Delete) for cJSON_Delete
    cjson.o(i.cJSON_AddBoolToObject) refers to cjson.o(.data) for global_hooks
    cjson.o(i.cJSON_AddFalseToObject) refers to cjson.o(i.cJSON_CreateFalse) for cJSON_CreateFalse
    cjson.o(i.cJSON_AddFalseToObject) refers to cjson.o(i.add_item_to_object) for add_item_to_object
    cjson.o(i.cJSON_AddFalseToObject) refers to cjson.o(i.cJSON_Delete) for cJSON_Delete
[...]
    _printf_x                                0x00000000   Number         0  stubs.o ABSOLUTE
    __cpp_initialize__aeabi_                  - Undefined Weak Reference
    __cxa_finalize                            - Undefined Weak Reference
    _clock_init                               - Undefined Weak Reference
    _microlib_exit                            - Undefined Weak Reference
    _scanf_int                                - Undefined Weak Reference
    _scanf_longlong                           - Undefined Weak Reference
    _scanf_string                             - Undefined Weak Reference
    __Vectors_Size                           0x00000130   Number         0  startup_stm32f103xe.o ABSOLUTE
    __Vectors                                0x08000000   Data           4  startup_stm32f103xe.o(RESET)
    __Vectors_End                            0x08000130   Data           0  startup_stm32f103xe.o(RESET)
    __main                                   0x08000131   Thumb Code     0  entry.o(.ARM.Collect$$$$00000000)
    _main_stk                                0x08000131   Thumb Code     0  entry2.o(.ARM.Collect$$$$00000001)
    _main_scatterload                        0x08000135   Thumb Code     0  entry5.o(.ARM.Collect$$$$00000004)
    __main_after_scatterload                 0x08000139   Thumb Code     0  entry5.o(.ARM.Collect$$$$00000004)
    _main_clock                              0x08000139   Thumb Code     0  entry7b.o(.ARM.Collect$$$$00000008)
    _main_cpp_init                           0x08000139   Thumb Code     0  entry8b.o(.ARM.Collect$$$$0000000A)
    _main_init                               0x08000139   Thumb Code     0  entry9a.o(.ARM.Collect$$$$0000000B)
    __rt_final_cpp                           0x08000141   Thumb Code     0  entry10a.o(.ARM.Collect$$$$0000000D)
    __rt_final_exit                          0x08000141   Thumb Code     0  entry11a.o(.ARM.Collect$$$$0000000F)
    Reset_Handler                            0x08000145   Thumb Code     8  startup_stm32f103xe.o(.text)
    ADC1_2_IRQHandler                        0x0800015f   Thumb Code     0  startup_stm32f103xe.o(.text)
    ADC3_IRQHandler                          0x0800015f   Thumb Code     0  startup_stm32f103xe.o(.text)
    CAN1_RX1_IRQHandler                      0x0800015f   Thumb Code     0  startup_stm32f103xe.o(.text)
    CAN1_SCE_IRQHandler                      0x0800015f   Thumb Code     0  startup_stm32f103xe.o(.text)
    DMA1_Channel4_IRQHandler                 0x0800015f   Thumb Code     0  startup_stm32f103xe.o(.text)
    DMA1_Channel5_IRQHandler                 0x0800015f   Thumb Code     0  startup_stm32f103xe.o(.text)
    DMA1_Channel6_IRQHandler                 0x0800015f   Thumb Code     0  startup_stm32f103xe.o(.text)
    DMA1_Channel7_IRQHandler                 0x0800015f   Thumb Code     0  startup_stm32f103xe.o(.text)
    DMA2_Channel1_IRQHandler                 0x0800015f   Thumb Code     0  startup_stm32f103xe.o(.text)
    DMA2_Channel2_IRQHandler                 0x0800015f   Thumb Code     0  startup_stm32f103xe.o(.text)
    DMA2_Channel3_IRQHandler                 0x0800015f   Thumb Code     0  startup_stm32f103xe.o(.text)
    DMA2_Channel4_5_IRQHandler               0x0800015f   Thumb Code     0  startup_stm32f103xe.o(.text)
    EXTI0_IRQHandler                         0x0800015f   Thumb Code     0  startup_stm32f103xe.o(.text)
    EXTI15_10_IRQHandler                     0x0800015f   Thumb Code     0  startup_stm32f103xe.o(.text)
    EXTI1_IRQHandler                         0x0800015f   Thumb Code     0  startup_stm32f103xe.o(.text)
    EXTI3_IRQHandler                         0x0800015f   Thumb Code     0  startup_stm32f103xe.o(.text)
    EXTI4_IRQHandler                         0x0800015f   Thumb Code     0  startup_stm32f103xe.o(.text)
    EXTI9_5_IRQHandler                       0x0800015f   Thumb Code     0  startup_stm32f103xe.o(.text)
    FLASH_IRQHandler                         0x0800015f   Thumb Code     0  startup_stm32f103xe.o(.text)
    FSMC_IRQHandler                          0x0800015f   Thumb Code     0  startup_stm32f103xe.o(.text)
    I2C1_ER_IRQHandler                       0x0800015f   Thumb Code     0  startup_stm32f103xe.o(.text)
    I2C1_EV_IRQHandler                       0x0800015f   Thumb Code     0  startup_stm32f103xe.o(.text)
    I2C2_ER_IRQHandler                       0x0800015f   Thumb Code     0  startup_stm32f103xe.o(.text)
    I2C2_EV_IRQHandler                       0x0800015f   Thumb Code     0  startup_stm32f103xe.o(.text)
    PVD_IRQHandler                           0x0800015f   Thumb Code     0  startup_stm32f103xe.o(.text)
    RCC_IRQHandler                           0x0800015f   Thumb Code     0  startup_stm32f103xe.o(.text)
    RTC_Alarm_IRQHandler                     0x0800015f   Thumb Code     0  startup_stm32f103xe.o(.text)
    RTC_IRQHandler                           0x0800015f   Thumb Code     0  startup_stm32f103xe.o(.text)
    SDIO_IRQHandler                          0x0800015f   Thumb Code     0  startup_stm32f103xe.o(.text)
    SPI1_IRQHandler                          0x0800015f   Thumb Code     0  startup_stm32f103xe.o(.text)
    SPI2_IRQHandler                          0x0800015f   Thumb Code     0  startup_stm32f103xe.o(.text)
    SPI3_IRQHandler                          0x0800015f   Thumb Code     0  startup_stm32f103xe.o(.text)
    TAMPER_IRQHandler                        0x0800015f   Thumb Code     0  startup_stm32f103xe.o(.text)
    TIM1_BRK_IRQHandler                      0x0800015f   Thumb Code     0  startup_stm32f103xe.o(.text)
    TIM1_CC_IRQHandler                       0x0800015f   Thumb Code     0  startup_stm32f103xe.o(.text)
    TIM1_TRG_COM_IRQHandler                  0x0800015f   Thumb Code     0  startup_stm32f103xe.o(.text)
    TIM1_UP_IRQHandler                       0x0800015f   Thumb Code     0  startup_stm32f103xe.o(.text)
    TIM3_IRQHandler                          0x0800015f   Thumb Code     0  startup_stm32f103xe.o(.text)
    TIM4_IRQHandler                          0x0800015f   Thumb Code     0  startup_stm32f103xe.o(.text)
    TIM6_IRQHandler                          0x0800015f   Thumb Code     0  startup_stm32f103xe.o(.text)
    TIM7_IRQHandler                          0x0800015f   Thumb Code     0  startup_stm32f103xe.o(.text)
    TIM8_BRK_IRQHandler                      0x0800015f   Thumb Code     0  startup_stm32f103xe.o(.text)
    TIM8_CC_IRQHandler                       0x0800015f   Thumb Code     0  startup_stm32f103xe.o(.text)
    TIM8_TRG_COM_IRQHandler                  0x0800015f   Thumb Code     0  startup_stm32f103xe.o(.text)
    TIM8_UP_IRQHandler                       0x0800015f   Thumb Code     0  startup_stm32f103xe.o(.text)
    UART4_IRQHandler                         0x0800015f   Thumb Code     0  startup_stm32f103xe.o(.text)
    UART5_IRQHandler                         0x0800015f   Thumb Code     0  startup_stm32f103xe.o(.text)
    USART2_IRQHandler                        0x0800015f   Thumb Code     0  startup_stm32f103xe.o(.text)
    USBWakeUp_IRQHandler                     0x0800015f   Thumb Code     0  startup_stm32f103xe.o(.text)
    USB_HP_CAN1_TX_IRQHandler                0x0800015f   Thumb Code     0  startup_stm32f103xe.o(.text)
    USB_LP_CAN1_RX0_IRQHandler               0x0800015f   Thumb Code     0  startup_stm32f103xe.o(.text)
    WWDG_IRQHandler                          0x0800015f   Thumb Code     0  startup_stm32f103xe.o(.text)
    rt_hw_interrupt_disable                  0x08000169   Thumb Code     8  context_rvds.o(.text)
    rt_hw_interrupt_enable                   0x08000171   Thumb Code     6  context_rvds.o(.text)
    rt_hw_context_switch                     0x08000177   Thumb Code    32  context_rvds.o(.text)
    rt_hw_context_switch_interrupt           0x08000177   Thumb Code     0  context_rvds.o(.text)
    PendSV_Handler                           0x08000197   Thumb Code    60  context_rvds.o(.text)
    rt_hw_context_switch_to                  0x080001d3   Thumb Code    56  context_rvds.o(.text)
    rt_hw_interrupt_thread_switch            0x0800020b   Thumb Code     2  context_rvds.o(.text)
    HardFault_Handler                        0x0800020d   Thumb Code    52  context_rvds.o(.text)
    __aeabi_llsr                             0x0800025d   Thumb Code    32  llushr.o(.text)
    _ll_ushift_r                             0x0800025d   Thumb Code     0  llushr.o(.text)
    tolower                                  0x0800027d   Thumb Code    12  tolower.o(.text)
    __aeabi_memcpy                           0x08000289   Thumb Code    36  memcpya.o(.text)
    __aeabi_memcpy4                          0x08000289   Thumb Code     0  memcpya.o(.text)
    __aeabi_memcpy8                          0x08000289   Thumb Code     0  memcpya.o(.text)
    __aeabi_memset                           0x080002ad   Thumb Code    14  memseta.o(.text)
    __aeabi_memset4                          0x080002ad   Thumb Code     0  memseta.o(.text)
    __aeabi_memset8                          0x080002ad   Thumb Code     0  memseta.o(.text)
    __aeabi_memclr                           0x080002bb   Thumb Code     4  memseta.o(.text)
    __aeabi_memclr4                          0x080002bb   Thumb Code     0  memseta.o(.text)
    __aeabi_memclr8                          0x080002bb   Thumb Code     0  memseta.o(.text)
    _memset$wrapper                          0x080002bf   Thumb Code    18  memseta.o(.text)
    strlen                                   0x080002d1   Thumb Code    14  strlen.o(.text)
    strcmp                                   0x080002df   Thumb Code    28  strcmp.o(.text)
    strncmp                                  0x080002fb   Thumb Code    30  strncmp.o(.text)
    _scanf_real                              0x08000441   Thumb Code     0  scanf_fp.o(.text)
    _scanf_really_real                       0x08000441   Thumb Code   556  scanf_fp.o(.text)
    __aeabi_fadd                             0x08000679   Thumb Code   164  fadd.o(.text)
    __aeabi_fsub                             0x0800071d   Thumb Code     6  fadd.o(.text)
    __aeabi_frsub                            0x08000723   Thumb Code     6  fadd.o(.text)
    __aeabi_fmul                             0x08000729   Thumb Code   100  fmul.o(.text)
    __aeabi_fdiv                             0x0800078d   Thumb Code   124  fdiv.o(.text)
    __aeabi_dadd                             0x08000809   Thumb Code   322  dadd.o(.text)
    __aeabi_dsub                             0x0800094b   Thumb Code     6  dadd.o(.text)
    __aeabi_drsub                            0x08000951   Thumb Code     6  dadd.o(.text)
    __aeabi_dmul                             0x08000957   Thumb Code   228  dmul.o(.text)
    __aeabi_ddiv                             0x08000a3b   Thumb Code   222  ddiv.o(.text)
    __aeabi_i2f                              0x08000b19   Thumb Code    18  fflti.o(.text)
    __aeabi_ui2f                             0x08000b2b   Thumb Code    10  ffltui.o(.text)
    __aeabi_ui2d                             0x08000b35   Thumb Code    26  dfltui.o(.text)
    __aeabi_f2iz                             0x08000b4f   Thumb Code    50  ffixi.o(.text)
    __aeabi_d2iz                             0x08000b81   Thumb Code    62  dfixi.o(.text)
    __aeabi_f2d                              0x08000bbf   Thumb Code    38  f2d.o(.text)
    __aeabi_cdcmpeq                          0x08000be5   Thumb Code     0  cdcmple.o(.text)
    __aeabi_cdcmple                          0x08000be5   Thumb Code    48  cdcmple.o(.text)
    __aeabi_cdrcmple                         0x08000c15   Thumb Code    48  cdrcmple.o(.text)
    __aeabi_d2f                              0x08000c45   Thumb Code    56  d2f.o(.text)
    __aeabi_cfcmpeq                          0x08000c7d   Thumb Code     0  cfcmple.o(.text)
    __aeabi_cfcmple                          0x08000c7d   Thumb Code    20  cfcmple.o(.text)
    __aeabi_cfrcmple                         0x08000c91   Thumb Code    20  cfrcmple.o(.text)
    __aeabi_uidiv                            0x08000ca5   Thumb Code     0  uidiv.o(.text)
    __aeabi_uidivmod                         0x08000ca5   Thumb Code    44  uidiv.o(.text)
    __aeabi_uldivmod                         0x08000cd1   Thumb Code    98  uldiv.o(.text)
    __aeabi_llsl                             0x08000d33   Thumb Code    30  llshl.o(.text)
    _ll_shift_l                              0x08000d33   Thumb Code     0  llshl.o(.text)
    __aeabi_lasr                             0x08000d51   Thumb Code    36  llsshr.o(.text)
    _ll_sshift_r                             0x08000d51   Thumb Code     0  llsshr.o(.text)
    _sgetc                                   0x08000d75   Thumb Code    30  _sgetc.o(.text)
    _sbackspace                              0x08000d93   Thumb Code    34  _sgetc.o(.text)
    __strtod_int                             0x08000deb   Thumb Code    90  strtod.o(.text)
    __I$use$fp                               0x08000e51   Thumb Code     0  iusefp.o(.text)
    _float_round                             0x08000e51   Thumb Code    18  fepilogue.o(.text)
    _float_epilogue                          0x08000e63   Thumb Code    92  fepilogue.o(.text)
    _double_round                            0x08000ebf   Thumb Code    30  depilogue.o(.text)
    _double_epilogue                         0x08000edd   Thumb Code   156  depilogue.o(.text)
    __aeabi_ul2d                             0x08000f79   Thumb Code    24  dfltul.o(.text)
    __aeabi_d2ulz                            0x08000f91   Thumb Code    48  dfixul.o(.text)
    __scatterload                            0x08000fc1   Thumb Code    28  init.o(.text)
    __scatterload_rt2                        0x08000fc1   Thumb Code     0  init.o(.text)
    isspace                                  0x08000fe5   Thumb Code    10  isspace_c.o(.text)
    __ctype_lookup                           0x08000ff1   Thumb Code    34  ctype_c.o(.text)
    __decompress                             0x08001019   Thumb Code     0  __dczerorl2.o(.text)
    __decompress1                            0x08001019   Thumb Code    86  __dczerorl2.o(.text)
    main                                     0x0800106f   Thumb Code    10  components.o(i.$Sub$$main)
    ADC_ConversionStop_Disable               0x08001079   Thumb Code    92  stm32f1xx_hal_adc.o(i.ADC_ConversionStop_Disable)
    ADC_DMAConvCplt                          0x080010d5   Thumb Code    82  stm32f1xx_hal_adc.o(i.ADC_DMAConvCplt)
    ADC_DMAError                             0x08001127   Thumb Code    30  stm32f1xx_hal_adc.o(i.ADC_DMAError)
    ADC_DMAHalfConvCplt                      0x08001145   Thumb Code    14  stm32f1xx_hal_adc.o(i.ADC_DMAHalfConvCplt)
    ADC_Enable                               0x08001155   Thumb Code   134  stm32f1xx_hal_adc.o(i.ADC_Enable)
    BusFault_Handler                         0x080011e5   Thumb Code     4  stm32f1xx_it.o(i.BusFault_Handler)
    DMA1_Channel1_IRQHandler                 0x080011e9   Thumb Code    10  stm32f1xx_it.o(i.DMA1_Channel1_IRQHandler)
    DMA1_Channel2_IRQHandler                 0x080011f9   Thumb Code    10  stm32f1xx_it.o(i.DMA1_Channel2_IRQHandler)
    DMA1_Channel3_IRQHandler                 0x08001209   Thumb Code    10  stm32f1xx_it.o(i.DMA1_Channel3_IRQHandler)
    DebugMon_Handler                         0x08001245   Thumb Code     2  stm32f1xx_it.o(i.DebugMon_Handler)
    EXTI2_IRQHandler                         0x08001249   Thumb Code    20  stm32f1xx_it.o(i.EXTI2_IRQHandler)
    Error_Handler                            0x08001261   Thumb Code     6  main.o(i.Error_Handler)
    HAL_ADC_ConfigChannel                    0x08001269   Thumb Code   338  stm32f1xx_hal_adc.o(i.HAL_ADC_ConfigChannel)
    HAL_ADC_ConvCpltCallback                 0x080013c9   Thumb Code     2  stm32f1xx_hal_adc.o(i.HAL_ADC_ConvCpltCallback)
    HAL_ADC_ConvHalfCpltCallback             0x080013cb   Thumb Code     2  stm32f1xx_hal_adc.o(i.HAL_ADC_ConvHalfCpltCallback)
    HAL_ADC_ErrorCallback                    0x080013cd   Thumb Code     2  stm32f1xx_hal_adc.o(i.HAL_ADC_ErrorCallback)
    HAL_ADC_Init                             0x080013d1   Thumb Code   340  stm32f1xx_hal_adc.o(i.HAL_ADC_Init)
    HAL_ADC_MspInit                          0x08001531   Thumb Code   196  adc.o(i.HAL_ADC_MspInit)
    HAL_ADC_Start_DMA                        0x0800160d   Thumb Code   362  stm32f1xx_hal_adc.o(i.HAL_ADC_Start_DMA)
    HAL_DMA_Abort                            0x0800178d   Thumb Code    86  stm32f1xx_hal_dma.o(i.HAL_DMA_Abort)
    HAL_DMA_Abort_IT                         0x080017e5   Thumb Code   414  stm32f1xx_hal_dma.o(i.HAL_DMA_Abort_IT)
    HAL_DMA_IRQHandler                       0x0800198d   Thumb Code   910  stm32f1xx_hal_dma.o(i.HAL_DMA_IRQHandler)
    HAL_DMA_Init                             0x08001d25   Thumb Code   132  stm32f1xx_hal_dma.o(i.HAL_DMA_Init)
    HAL_DMA_Start_IT                         0x08001db1   Thumb Code   156  stm32f1xx_hal_dma.o(i.HAL_DMA_Start_IT)
    HAL_Delay                                0x08001e4d   Thumb Code    36  stm32f1xx_hal.o(i.HAL_Delay)
    HAL_GPIO_EXTI_Callback                   0x08001e75   Thumb Code     2  stm32f1xx_hal_gpio.o(i.HAL_GPIO_EXTI_Callback)
    HAL_GPIO_EXTI_IRQHandler                 0x08001e79   Thumb Code    24  stm32f1xx_hal_gpio.o(i.HAL_GPIO_EXTI_IRQHandler)
    HAL_GPIO_Init                            0x08001e95   Thumb Code   792  stm32f1xx_hal_gpio.o(i.HAL_GPIO_Init)
    HAL_GPIO_TogglePin                       0x080021d5   Thumb Code    20  stm32f1xx_hal_gpio.o(i.HAL_GPIO_TogglePin)
    HAL_GPIO_WritePin                        0x080021e9   Thumb Code    12  stm32f1xx_hal_gpio.o(i.HAL_GPIO_WritePin)
    HAL_GetTick                              0x080021f5   Thumb Code     6  stm32f1xx_hal.o(i.HAL_GetTick)
    HAL_IncTick                              0x08002201   Thumb Code    16  stm32f1xx_hal.o(i.HAL_IncTick)
    HAL_Init                                 0x08002219   Thumb Code    34  stm32f1xx_hal.o(i.HAL_Init)
    HAL_InitTick                             0x08002241   Thumb Code    64  stm32f1xx_hal.o(i.HAL_InitTick)
    HAL_MspInit                              0x0800228d   Thumb Code    76  stm32f1xx_hal_msp.o(i.HAL_MspInit)
    HAL_NVIC_EnableIRQ                       0x080022e1   Thumb Code    32  stm32f1xx_hal_cortex.o(i.HAL_NVIC_EnableIRQ)
    HAL_NVIC_SetPriority                     0x08002301   Thumb Code   124  stm32f1xx_hal_cortex.o(i.HAL_NVIC_SetPriority)
    HAL_NVIC_SetPriorityGrouping             0x0800237d   Thumb Code    32  stm32f1xx_hal_cortex.o(i.HAL_NVIC_SetPriorityGrouping)
    HAL_RCCEx_PeriphCLKConfig                0x080023a5   Thumb Code   290  stm32f1xx_hal_rcc_ex.o(i.HAL_RCCEx_PeriphCLKConfig)
    HAL_RCC_ClockConfig                      0x080024d5   Thumb Code   376  stm32f1xx_hal_rcc.o(i.HAL_RCC_ClockConfig)
    HAL_RCC_GetHCLKFreq                      0x08002661   Thumb Code     6  stm32f1xx_hal_rcc.o(i.HAL_RCC_GetHCLKFreq)
    HAL_RCC_GetPCLK1Freq                     0x0800266d   Thumb Code    22  stm32f1xx_hal_rcc.o(i.HAL_RCC_GetPCLK1Freq)
    HAL_RCC_GetPCLK2Freq                     0x0800268d   Thumb Code    22  stm32f1xx_hal_rcc.o(i.HAL_RCC_GetPCLK2Freq)
    HAL_RCC_GetSysClockFreq                  0x080026ad   Thumb Code    92  stm32f1xx_hal_rcc.o(i.HAL_RCC_GetSysClockFreq)
    HAL_RCC_OscConfig                        0x0800271d   Thumb Code  1114  stm32f1xx_hal_rcc.o(i.HAL_RCC_OscConfig)
    HAL_SYSTICK_Config                       0x08002b81   Thumb Code    52  stm32f1xx_hal_cortex.o(i.HAL_SYSTICK_Config)
    HAL_TIMEx_BreakCallback                  0x08002bb5   Thumb Code     2  stm32f1xx_hal_tim_ex.o(i.HAL_TIMEx_BreakCallback)
    HAL_TIMEx_CommutCallback                 0x08002bb7   Thumb Code     2  stm32f1xx_hal_tim_ex.o(i.HAL_TIMEx_CommutCallback)
    HAL_TIMEx_MasterConfigSynchronization    0x08002bb9   Thumb Code   134  stm32f1xx_hal_tim_ex.o(i.HAL_TIMEx_MasterConfigSynchronization)
    HAL_TIM_Base_Init                        0x08002c55   Thumb Code   102  stm32f1xx_hal_tim.o(i.HAL_TIM_Base_Init)
    HAL_TIM_Base_MspInit                     0x08002cbd   Thumb Code   130  tim.o(i.HAL_TIM_Base_MspInit)
    HAL_TIM_Base_Start                       0x08002d51   Thumb Code   110  stm32f1xx_hal_tim.o(i.HAL_TIM_Base_Start)
    HAL_TIM_Base_Start_IT                    0x08002dd5   Thumb Code   122  stm32f1xx_hal_tim.o(i.HAL_TIM_Base_Start_IT)
    HAL_TIM_ConfigClockSource                0x08002e65   Thumb Code   268  stm32f1xx_hal_tim.o(i.HAL_TIM_ConfigClockSource)
    HAL_TIM_Encoder_Init                     0x08002f71   Thumb Code   196  stm32f1xx_hal_tim.o(i.HAL_TIM_Encoder_Init)
    HAL_TIM_Encoder_MspInit                  0x08003035   Thumb Code   200  tim.o(i.HAL_TIM_Encoder_MspInit)
    HAL_TIM_Encoder_Start                    0x08003109   Thumb Code   204  stm32f1xx_hal_tim.o(i.HAL_TIM_Encoder_Start)
    HAL_TIM_IC_CaptureCallback               0x080031d5   Thumb Code     2  stm32f1xx_hal_tim.o(i.HAL_TIM_IC_CaptureCallback)
    HAL_TIM_IRQHandler                       0x080031d7   Thumb Code   406  stm32f1xx_hal_tim.o(i.HAL_TIM_IRQHandler)
    HAL_TIM_MspPostInit                      0x0800336d   Thumb Code   132  tim.o(i.HAL_TIM_MspPostInit)
    HAL_TIM_OC_DelayElapsedCallback          0x08003405   Thumb Code     2  stm32f1xx_hal_tim.o(i.HAL_TIM_OC_DelayElapsedCallback)
    HAL_TIM_PWM_ConfigChannel                0x08003407   Thumb Code   260  stm32f1xx_hal_tim.o(i.HAL_TIM_PWM_ConfigChannel)
    HAL_TIM_PWM_Init                         0x0800350b   Thumb Code   102  stm32f1xx_hal_tim.o(i.HAL_TIM_PWM_Init)
    HAL_TIM_PWM_MspInit                      0x08003571   Thumb Code     2  stm32f1xx_hal_tim.o(i.HAL_TIM_PWM_MspInit)
    HAL_TIM_PWM_PulseFinishedCallback        0x08003573   Thumb Code     2  stm32f1xx_hal_tim.o(i.HAL_TIM_PWM_PulseFinishedCallback)
    HAL_TIM_PWM_Start                        0x08003575   Thumb Code   222  stm32f1xx_hal_tim.o(i.HAL_TIM_PWM_Start)
    HAL_TIM_PeriodElapsedCallback            0x08003669   Thumb Code     2  stm32f1xx_hal_tim.o(i.HAL_TIM_PeriodElapsedCallback)
    HAL_TIM_TriggerCallback                  0x0800366b   Thumb Code     2  stm32f1xx_hal_tim.o(i.HAL_TIM_TriggerCallback)
    HAL_UARTEx_RxEventCallback               0x0800366d   Thumb Code     2  stm32f1xx_hal_uart.o(i.HAL_UARTEx_RxEventCallback)
    HAL_UART_DMAStop                         0x0800366f   Thumb Code   138  stm32f1xx_hal_uart.o(i.HAL_UART_DMAStop)
    HAL_UART_ErrorCallback                   0x080036f9   Thumb Code     2  stm32f1xx_hal_uart.o(i.HAL_UART_ErrorCallback)
    HAL_UART_IRQHandler                      0x080036fd   Thumb Code   736  stm32f1xx_hal_uart.o(i.HAL_UART_IRQHandler)
    HAL_UART_Init                            0x080039e1   Thumb Code   118  stm32f1xx_hal_uart.o(i.HAL_UART_Init)
    HAL_UART_MspInit                         0x08003a59   Thumb Code   408  usart.o(i.HAL_UART_MspInit)
    HAL_UART_Receive                         0x08003c15   Thumb Code   188  stm32f1xx_hal_uart.o(i.HAL_UART_Receive)
    HAL_UART_Receive_DMA                     0x08003cd1   Thumb Code    44  stm32f1xx_hal_uart.o(i.HAL_UART_Receive_DMA)
    HAL_UART_RxCpltCallback                  0x08003cfd   Thumb Code     2  stm32f1xx_hal_uart.o(i.HAL_UART_RxCpltCallback)
    HAL_UART_RxHalfCpltCallback              0x08003cff   Thumb Code     2  stm32f1xx_hal_uart.o(i.HAL_UART_RxHalfCpltCallback)
    HAL_UART_Transmit                        0x08003d01   Thumb Code   178  stm32f1xx_hal_uart.o(i.HAL_UART_Transmit)
    HAL_UART_Transmit_DMA                    0x08003db5   Thumb Code   128  stm32f1xx_hal_uart.o(i.HAL_UART_Transmit_DMA)
    HAL_UART_TxCpltCallback                  0x08003e41   Thumb Code     2  stm32f1xx_hal_uart.o(i.HAL_UART_TxCpltCallback)
    HAL_UART_TxHalfCpltCallback              0x08003e43   Thumb Code     2  stm32f1xx_hal_uart.o(i.HAL_UART_TxHalfCpltCallback)
    IIC_Start                                0x08003e45   Thumb Code    44  oled.o(i.IIC_Start)
    IIC_Stop                                 0x08003e75   Thumb Code    34  oled.o(i.IIC_Stop)
    IIC_Wait_Ack                             0x08003e9d   Thumb Code    24  oled.o(i.IIC_Wait_Ack)
    MX_ADC1_Init                             0x08003eb9   Thumb Code    86  adc.o(i.MX_ADC1_Init)
    MX_DMA_Init                              0x08003f19   Thumb Code    80  dma.o(i.MX_DMA_Init)
    MX_GPIO_Init                             0x08003f6d   Thumb Code   268  gpio.o(i.MX_GPIO_Init)
    MX_TIM1_Init                             0x08004089   Thumb Code   122  tim.o(i.MX_TIM1_Init)
    MX_TIM2_Init                             0x0800410d   Thumb Code   122  tim.o(i.MX_TIM2_Init)
    MX_TIM3_Init                             0x0800418d   Thumb Code   174  tim.o(i.MX_TIM3_Init)
    MX_TIM4_Init                             0x08004245   Thumb Code   174  tim.o(i.MX_TIM4_Init)
    MX_TIM5_Init                             0x080042fd   Thumb Code   102  tim.o(i.MX_TIM5_Init)
    MX_USART1_UART_Init                      0x0800436d   Thumb Code    46  usart.o(i.MX_USART1_UART_Init)
    MX_USART3_UART_Init                      0x080043a5   Thumb Code    46  usart.o(i.MX_USART3_UART_Init)
    MemManage_Handler                        0x080043dd   Thumb Code     4  stm32f1xx_it.o(i.MemManage_Handler)
    Motor_Set                                0x080043e1   Thumb Code   180  motor.o(i.Motor_Set)
    NMI_Handler                              0x0800449d   Thumb Code     4  stm32f1xx_it.o(i.NMI_Handler)
    OLED_Clear                               0x080044a1   Thumb Code    62  oled.o(i.OLED_Clear)
    OLED_Init                                0x080044df   Thumb Code   228  oled.o(i.OLED_Init)
    OLED_Set_Pos                             0x080045c3   Thumb Code    40  oled.o(i.OLED_Set_Pos)
    OLED_ShowCHinese                         0x080045ed   Thumb Code    98  oled.o(i.OLED_ShowCHinese)
    OLED_ShowChar                            0x08004655   Thumb Code   154  oled.o(i.OLED_ShowChar)
    OLED_ShowString                          0x080046f9   Thumb Code    58  oled.o(i.OLED_ShowString)
    OLED_WR_Byte                             0x08004733   Thumb Code    24  oled.o(i.OLED_WR_Byte)
    PID_Init                                 0x0800474d   Thumb Code   138  pid.o(i.PID_Init)
    PID_realize                              0x0800480d   Thumb Code   134  pid.o(i.PID_realize)
    SVC_Handler                              0x080048bd   Thumb Code     2  stm32f1xx_it.o(i.SVC_Handler)
    SysTick_Handler                          0x080048bf   Thumb Code    20  board.o(i.SysTick_Handler)
    SystemClock_Config                       0x080048d3   Thumb Code   130  board.o(i.SystemClock_Config)
    SystemInit                               0x08004955   Thumb Code     2  system_stm32f1xx.o(i.SystemInit)
    TIM2_IRQHandler                          0x08004959   Thumb Code    10  stm32f1xx_it.o(i.TIM2_IRQHandler)
    TIM5_IRQHandler                          0x08004969   Thumb Code   496  stm32f1xx_it.o(i.TIM5_IRQHandler)
    TIM_Base_SetConfig                       0x08004bd9   Thumb Code   134  stm32f1xx_hal_tim.o(i.TIM_Base_SetConfig)
    TIM_CCxChannelCmd                        0x08004c75   Thumb Code    34  stm32f1xx_hal_tim.o(i.TIM_CCxChannelCmd)
    TIM_ETR_SetConfig                        0x08004c97   Thumb Code    22  stm32f1xx_hal_tim.o(i.TIM_ETR_SetConfig)
    TIM_OC2_SetConfig                        0x08004d31   Thumb Code   114  stm32f1xx_hal_tim.o(i.TIM_OC2_SetConfig)
    UART_Start_Receive_DMA                   0x08005315   Thumb Code   186  stm32f1xx_hal_uart.o(i.UART_Start_Receive_DMA)
    USART1_IRQHandler                        0x080054d1   Thumb Code    66  stm32f1xx_it.o(i.USART1_IRQHandler)
    USART3_IRQHandler                        0x08005521   Thumb Code   188  stm32f1xx_it.o(i.USART3_IRQHandler)
    UsageFault_Handler                       0x08005601   Thumb Code     4  stm32f1xx_it.o(i.UsageFault_Handler)
    Usart_WaitReasFinish                     0x08005605   Thumb Code    52  main.o(i.Usart_WaitReasFinish)
    Write_IIC_Byte                           0x08005641   Thumb Code    90  oled.o(i.Write_IIC_Byte)
    Write_IIC_Command                        0x080056a1   Thumb Code    44  oled.o(i.Write_IIC_Command)
    Write_IIC_Data                           0x080056cd   Thumb Code    44  oled.o(i.Write_IIC_Data)
    __0printf                                0x080056f9   Thumb Code    22  printfa.o(i.__0printf)
    __1printf                                0x080056f9   Thumb Code     0  printfa.o(i.__0printf)
    __2printf                                0x080056f9   Thumb Code     0  printfa.o(i.__0printf)
    __c89printf                              0x080056f9   Thumb Code     0  printfa.o(i.__0printf)
    printf                                   0x080056f9   Thumb Code     0  printfa.o(i.__0printf)
    __0sprintf                               0x08005719   Thumb Code    34  printfa.o(i.__0sprintf)
    __1sprintf                               0x08005719   Thumb Code     0  printfa.o(i.__0sprintf)
    __2sprintf                               0x08005719   Thumb Code     0  printfa.o(i.__0sprintf)
    __c89sprintf                             0x08005719   Thumb Code     0  printfa.o(i.__0sprintf)
    sprintf                                  0x08005719   Thumb Code     0  printfa.o(i.__0sprintf)
    free                                     0x08005779   Thumb Code    88  mallocr.o(i.__free$realloc)
    malloc                                   0x080057d5   Thumb Code    64  mallocr.o(i.__malloc$realloc)
    __rt_ffs                                 0x08005825   Thumb Code    70  kservice.o(i.__rt_ffs)
    __scatterload_copy                       0x08005871   Thumb Code    14  handlers.o(i.__scatterload_copy)
    __scatterload_null                       0x0800587f   Thumb Code     2  handlers.o(i.__scatterload_null)
    __scatterload_zeroinit                   0x08005881   Thumb Code    14  handlers.o(i.__scatterload_zeroinit)
    _is_digit                                0x08005a15   Thumb Code    14  scanf_fp.o(i._is_digit)
    adc_dma_start                            0x0800625d   Thumb Code    14  adc.o(i.adc_dma_start)
    all_control                              0x08006275   Thumb Code   402  board.o(i.all_control)
    cJSON_Delete                             0x080064c1   Thumb Code    84  cjson.o(i.cJSON_Delete)
    cJSON_GetObjectItem                      0x08006519   Thumb Code    18  cjson.o(i.cJSON_GetObjectItem)
    cJSON_Parse                              0x08006545   Thumb Code    16  cjson.o(i.cJSON_Parse)
    cJSON_ParseWithLengthOpts                0x08006555   Thumb Code   204  cjson.o(i.cJSON_ParseWithLengthOpts)
    cJSON_ParseWithOpts                      0x08006629   Thumb Code    40  cjson.o(i.cJSON_ParseWithOpts)
    data_pros                                0x08006699   Thumb Code    84  adc.o(i.data_pros)
    fputc                                    0x08006701   Thumb Code    28  main.o(i.fputc)
    $Super$$main                             0x080067c9   Thumb Code    54  main.o(i.main)
    main_thread_entry                        0x08006815   Thumb Code    14  components.o(i.main_thread_entry)
    oled_show                                0x08006825   Thumb Code   250  oled.o(i.oled_show)
    realloc                                  0x08007059   Thumb Code   102  mallocr.o(i.realloc)
    rt_application_init                      0x080070c5   Thumb Code    34  components.o(i.rt_application_init)
    rt_components_board_init                 0x080070f5   Thumb Code    20  components.o(i.rt_components_board_init)
    rt_components_init                       0x08007111   Thumb Code    20  components.o(i.rt_components_init)
    rt_enter_critical                        0x0800712d   Thumb Code    28  scheduler.o(i.rt_enter_critical)
    rt_exit_critical                         0x0800714d   Thumb Code    60  scheduler.o(i.rt_exit_critical)
    rt_free                                  0x08007191   Thumb Code    98  mem.o(i.rt_free)
    rt_heap_begin_get                        0x08007209   Thumb Code     4  board.o(i.rt_heap_begin_get)
    rt_heap_end_get                          0x08007211   Thumb Code     4  board.o(i.rt_heap_end_get)
    rt_hw_board_init                         0x08007219   Thumb Code   292  board.o(i.rt_hw_board_init)
    rt_hw_hard_fault_exception               0x08007369   Thumb Code    32  cpuport.o(i.rt_hw_hard_fault_exception)
    rt_hw_stack_init                         0x0800738d   Thumb Code    70  cpuport.o(i.rt_hw_stack_init)
    rt_interrupt_enter                       0x080073d9   Thumb Code    26  irq.o(i.rt_interrupt_enter)
    rt_interrupt_leave                       0x080073f9   Thumb Code    26  irq.o(i.rt_interrupt_leave)
    rt_malloc                                0x0800754d   Thumb Code   336  mem.o(i.rt_malloc)
    rt_memset                                0x080076b9   Thumb Code    72  kservice.o(i.rt_memset)
    rt_object_allocate                       0x08007701   Thumb Code    84  object.o(i.rt_object_allocate)
    rt_object_delete                         0x08007755   Thumb Code    36  object.o(i.rt_object_delete)
    rt_object_detach                         0x08007779   Thumb Code    30  object.o(i.rt_object_detach)
    rt_object_get_information                0x08007799   Thumb Code    36  object.o(i.rt_object_get_information)
    rt_object_init                           0x080077c1   Thumb Code    86  object.o(i.rt_object_init)
    rt_object_is_systemobject                0x08007817   Thumb Code    18  object.o(i.rt_object_is_systemobject)
    rt_schedule                              0x08007829   Thumb Code   106  scheduler.o(i.rt_schedule)
    rt_schedule_insert_thread                0x080078ad   Thumb Code    72  scheduler.o(i.rt_schedule_insert_thread)
    rt_schedule_remove_thread                0x080078fd   Thumb Code    76  scheduler.o(i.rt_schedule_remove_thread)
    rt_sem_init                              0x08007951   Thumb Code    38  ipc.o(i.rt_sem_init)
    rt_sem_release                           0x08007977   Thumb Code    82  ipc.o(i.rt_sem_release)
    rt_sem_take                              0x080079c9   Thumb Code   116  ipc.o(i.rt_sem_take)
    rt_show_version                          0x08007a3d   Thumb Code     2  kservice.o(i.rt_show_version)
    rt_strncpy                               0x08007a3f   Thumb Code    52  kservice.o(i.rt_strncpy)
    rt_system_heap_init                      0x08007a75   Thumb Code   146  mem.o(i.rt_system_heap_init)
    rt_system_scheduler_init                 0x08007b25   Thumb Code    52  scheduler.o(i.rt_system_scheduler_init)
    rt_system_scheduler_start                0x08007b71   Thumb Code    36  scheduler.o(i.rt_system_scheduler_start)
    rt_system_timer_init                     0x08007ba1   Thumb Code    24  timer.o(i.rt_system_timer_init)
    rt_system_timer_thread_init              0x08007bbd   Thumb Code     2  timer.o(i.rt_system_timer_thread_init)
    rt_thread_create                         0x08007bbf   Thumb Code    80  thread.o(i.rt_thread_create)
    rt_thread_exit                           0x08007c11   Thumb Code    78  thread.o(i.rt_thread_exit)
    rt_thread_idle_excute                    0x08007c71   Thumb Code    92  idle.o(i.rt_thread_idle_excute)
    rt_thread_idle_init                      0x08007cd1   Thumb Code    38  idle.o(i.rt_thread_idle_init)
    rt_thread_init                           0x08007d0d   Thumb Code    52  thread.o(i.rt_thread_init)
    rt_thread_resume                         0x08007d41   Thumb Code    60  thread.o(i.rt_thread_resume)
    rt_thread_self                           0x08007d7d   Thumb Code     6  thread.o(i.rt_thread_self)
    rt_thread_startup                        0x08007d89   Thumb Code    44  thread.o(i.rt_thread_startup)
    rt_thread_suspend                        0x08007db5   Thumb Code    68  thread.o(i.rt_thread_suspend)
    rt_thread_timeout                        0x08007df9   Thumb Code    32  thread.o(i.rt_thread_timeout)
    rt_thread_yield                          0x08007e19   Thumb Code    92  thread.o(i.rt_thread_yield)
    rt_tick_get                              0x08007e7d   Thumb Code     6  clock.o(i.rt_tick_get)
    rt_tick_increase                         0x08007e89   Thumb Code    42  clock.o(i.rt_tick_increase)
    rt_timer_check                           0x08007eb9   Thumb Code   160  timer.o(i.rt_timer_check)
    rt_timer_control                         0x08007f5d   Thumb Code    98  timer.o(i.rt_timer_control)
    rt_timer_detach                          0x08007fbf   Thumb Code    40  timer.o(i.rt_timer_detach)
    rt_timer_init                            0x08007fe7   Thumb Code    46  timer.o(i.rt_timer_init)
    rt_timer_start                           0x08008015   Thumb Code   226  timer.o(i.rt_timer_start)
    rt_timer_stop                            0x08008101   Thumb Code    48  timer.o(i.rt_timer_stop)
    rtthread_startup                         0x08008141   Thumb Code    42  components.o(i.rtthread_startup)
    strtod                                   0x080081a9   Thumb Code    28  strtod.o(i.strtod)
    F6x8                                     0x080082f0   Data         552  oled.o(.constdata)
    F8X16                                    0x08008518   Data        1520  oled.o(.constdata)
    AHBPrescTable                            0x08008b1a   Data          16  system_stm32f1xx.o(.constdata)
    APBPrescTable                            0x08008b2a   Data           8  system_stm32f1xx.o(.constdata)
    __lowest_bit_bitmap                      0x08008b32   Data         256  kservice.o(.constdata)
    __ctype_categories                       0x08008c54   Data          64  ctype_c.o(.constdata)
    __rt_init_rti_start                      0x08008c94   Data           4  components.o(.rti_fn.0)
    __rt_init_rti_board_start                0x08008c98   Data           4  components.o(.rti_fn.0.end)
    __rt_init_rti_board_end                  0x08008c9c   Data           4  components.o(.rti_fn.1.end)
    __rt_init_rti_end                        0x08008ca0   Data           4  components.o(.rti_fn.6.end)
    Region$$Table$$Base                      0x08008ca4   Number         0  anon$$obj.o(Region$$Table)
    Region$$Table$$Limit                     0x08008cc4   Number         0  anon$$obj.o(Region$$Table)
    Hzk                                      0x20000014   Data         896  oled.o(.data)
    all_thread                               0x20000394   Data           4  main.o(.data)
    Usart1_ReadCount                         0x2000039c   Data           1  stm32f1xx_it.o(.data)
    pingpang_count                           0x2000039e   Data           2  stm32f1xx_it.o(.data)
    Count1                                   0x200003a0   Data           2  stm32f1xx_it.o(.data)
    voltage_difference                       0x200003a4   Data           4  stm32f1xx_it.o(.data)
    electric_quantity                        0x200003a8   Data           4  stm32f1xx_it.o(.data)
    goal_speed                               0x200003ac   Data           4  stm32f1xx_it.o(.data)
    turn_error                               0x200003b0   Data           2  stm32f1xx_it.o(.data)
    speed_error                              0x200003b4   Data           4  stm32f1xx_it.o(.data)
    pixel                                    0x200003b8   Data           2  stm32f1xx_it.o(.data)
    DMA_rx2_len                              0x200003ba   Data           1  stm32f1xx_it.o(.data)
    x_error                                  0x200003bc   Data           2  stm32f1xx_it.o(.data)
    width                                    0x200003be   Data           2  stm32f1xx_it.o(.data)
    hight                                    0x200003c0   Data           2  stm32f1xx_it.o(.data)
    y_error                                  0x200003c2   Data           2  stm32f1xx_it.o(.data)
    find_flag                                0x200003c4   Data           1  stm32f1xx_it.o(.data)
    goal_speed1                              0x200003c8   Data           4  stm32f1xx_it.o(.data)
    goal_speed2                              0x200003cc   Data           4  stm32f1xx_it.o(.data)
    Motor1Pwm                                0x200003d0   Data           4  board.o(.data)
    Motor2Pwm                                0x200003d4   Data           4  board.o(.data)
    EncoderCNT1                              0x200003d8   Data           2  board.o(.data)
    EncoderCNT2                              0x200003da   Data           2  board.o(.data)
    EncoderSpeed1                            0x200003dc   Data           4  board.o(.data)
    EncoderSpeed2                            0x200003e0   Data           4  board.o(.data)
    p                                        0x200003e4   Data           4  board.o(.data)
    i                                        0x200003e8   Data           4  board.o(.data)
    d                                        0x200003ec   Data           4  board.o(.data)
    a                                        0x200003f0   Data           4  board.o(.data)
    b                                        0x200003f4   Data           4  board.o(.data)
    uwTick                                   0x200003f8   Data           4  stm32f1xx_hal.o(.data)
    uwTickPrio                               0x200003fc   Data           4  stm32f1xx_hal.o(.data)
    uwTickFreq                               0x20000400   Data           1  stm32f1xx_hal.o(.data)
    SystemCoreClock                          0x20000404   Data           4  system_stm32f1xx.o(.data)
    rt_interrupt_nest                        0x2000040c   Data           1  irq.o(.data)
    rt_thread_ready_priority_group           0x20000468   Data           4  scheduler.o(.data)
    rt_current_thread                        0x20000470   Data           4  scheduler.o(.data)
    rt_current_priority                      0x20000474   Data           1  scheduler.o(.data)
    rt_thread_defunct                        0x20000478   Data           8  scheduler.o(.data)
    rt_interrupt_from_thread                 0x2000048c   Data           4  cpuport.o(.data)
    rt_interrupt_to_thread                   0x20000490   Data           4  cpuport.o(.data)
    rt_thread_switch_interrupt_flag          0x20000494   Data           4  cpuport.o(.data)
    __stdout                                 0x2000049c   Data           4  stdout.o(.data)
    __microlib_freelist                      0x200004a0   Data           4  mvars.o(.data)
    __microlib_freelist_initialised          0x200004a4   Data           4  mvars.o(.data)
    PIDMotorSpeed1                           0x200004a8   Data          36  pid.o(.bss)
    PIDMotorSpeed2                           0x200004cc   Data          36  pid.o(.bss)
    OpenMV_Pixel                             0x200004f0   Data          36  pid.o(.bss)
    Turnspeed                                0x20000514   Data          36  pid.o(.bss)
    OledString                               0x20000538   Data          35  main.o(.bss)
    adc_value                                0x2000055c   Data          80  adc.o(.bss)
    hadc1                                    0x200005ac   Data          48  adc.o(.bss)
    hdma_adc1                                0x200005dc   Data          68  adc.o(.bss)
    htim1                                    0x20000620   Data          72  tim.o(.bss)
    htim2                                    0x20000668   Data          72  tim.o(.bss)
    htim3                                    0x200006b0   Data          72  tim.o(.bss)
    htim4                                    0x200006f8   Data          72  tim.o(.bss)
    htim5                                    0x20000740   Data          72  tim.o(.bss)
    huart1                                   0x20000788   Data          72  usart.o(.bss)
    huart3                                   0x200007d0   Data          72  usart.o(.bss)
    hdma_usart3_rx                           0x20000818   Data          68  usart.o(.bss)
    hdma_usart3_tx                           0x2000085c   Data          68  usart.o(.bss)
    Usart1_ReadBuf                           0x200008a0   Data         256  stm32f1xx_it.o(.bss)
    OpenMV_Data                              0x200009a0   Data          20  stm32f1xx_it.o(.bss)
    battery_voltage                          0x200009b4   Data         160  board.o(.bss)
    rt_thread_priority_table                 0x20001bec   Data         256  scheduler.o(.bss)
    __heap_base                              0x20001cf0   Data           0  startup_stm32f103xe.o(HEAP)
    __heap_limit                             0x200024f0   Data           0  startup_stm32f103xe.o(HEAP)
    __initial_sp                             0x20002cf0   Data           0  startup_stm32f103xe.o(STACK)



==============================================================================

Memory Map of the image

  Image Entry point : 0x08000131

  Load Region LR_IROM1 (Base: 0x08000000, Size: 0x0000916c, Max: 0x00040000, ABSOLUTE, COMPRESSED[0x00008e8c])

    Execution Region ER_IROM1 (Exec base: 0x08000000, Load base: 0x08000000, Size: 0x00008cc4, Max: 0x00040000, ABSOLUTE)

    Exec Addr    Load Addr    Size         Type   Attr      Idx    E Section Name        Object

    0x08000000   0x08000000   0x00000130   Data   RO            3    RESET               startup_stm32f103xe.o
    0x08000130   0x08000130   0x00000000   Code   RO         5346  * .ARM.Collect$$$$00000000  mc_w.l(entry.o)
    0x08000130   0x08000130   0x00000004   Code   RO         5698    .ARM.Collect$$$$00000001  mc_w.l(entry2.o)
    0x08000134   0x08000134   0x00000004   Code   RO         5701    .ARM.Collect$$$$00000004  mc_w.l(entry5.o)
    0x08000138   0x08000138   0x00000000   Code   RO         5703    .ARM.Collect$$$$00000008  mc_w.l(entry7b.o)
    0x08000138   0x08000138   0x00000000   Code   RO         5705    .ARM.Collect$$$$0000000A  mc_w.l(entry8b.o)
    0x08000138   0x08000138   0x00000008   Code   RO         5706    .ARM.Collect$$$$0000000B  mc_w.l(entry9a.o)
    0x08000140   0x08000140   0x00000000   Code   RO         5708    .ARM.Collect$$$$0000000D  mc_w.l(entry10a.o)
    0x08000140   0x08000140   0x00000000   Code   RO         5710    .ARM.Collect$$$$0000000F  mc_w.l(entry11a.o)
    0x08000140   0x08000140   0x00000004   Code   RO         5699    .ARM.Collect$$$$00002712  mc_w.l(entry2.o)
    0x08000144   0x08000144   0x00000024   Code   RO            4    .text               startup_stm32f103xe.o
    0x08000168   0x08000168   0x000000f4   Code   RO         5299    .text               context_rvds.o
    0x0800025c   0x0800025c   0x00000020   Code   RO         5349    .text               mc_w.l(llushr.o)
    0x0800027c   0x0800027c   0x0000000c   Code   RO         5351    .text               mc_w.l(tolower.o)
    0x08000288   0x08000288   0x00000024   Code   RO         5353    .text               mc_w.l(memcpya.o)
    0x080002ac   0x080002ac   0x00000024   Code   RO         5355    .text               mc_w.l(memseta.o)
    0x080002d0   0x080002d0   0x0000000e   Code   RO         5357    .text               mc_w.l(strlen.o)
    0x080002de   0x080002de   0x0000001c   Code   RO         5359    .text               mc_w.l(strcmp.o)
    0x080002fa   0x080002fa   0x0000001e   Code   RO         5363    .text               mc_w.l(strncmp.o)
    0x08000318   0x08000318   0x00000360   Code   RO         5658    .text               mc_w.l(scanf_fp.o)
    0x08000678   0x08000678   0x000000b0   Code   RO         5662    .text               mf_w.l(fadd.o)
    0x08000728   0x08000728   0x00000064   Code   RO         5664    .text               mf_w.l(fmul.o)
    0x0800078c   0x0800078c   0x0000007c   Code   RO         5666    .text               mf_w.l(fdiv.o)
    0x08000808   0x08000808   0x0000014e   Code   RO         5668    .text               mf_w.l(dadd.o)
    0x08000956   0x08000956   0x000000e4   Code   RO         5670    .text               mf_w.l(dmul.o)
    0x08000a3a   0x08000a3a   0x000000de   Code   RO         5672    .text               mf_w.l(ddiv.o)
    0x08000b18   0x08000b18   0x00000012   Code   RO         5674    .text               mf_w.l(fflti.o)
    0x08000b2a   0x08000b2a   0x0000000a   Code   RO         5676    .text               mf_w.l(ffltui.o)
    0x08000b34   0x08000b34   0x0000001a   Code   RO         5680    .text               mf_w.l(dfltui.o)
    0x08000b4e   0x08000b4e   0x00000032   Code   RO         5682    .text               mf_w.l(ffixi.o)
    0x08000b80   0x08000b80   0x0000003e   Code   RO         5684    .text               mf_w.l(dfixi.o)
    0x08000bbe   0x08000bbe   0x00000026   Code   RO         5686    .text               mf_w.l(f2d.o)
    0x08000be4   0x08000be4   0x00000030   Code   RO         5688    .text               mf_w.l(cdcmple.o)
    0x08000c14   0x08000c14   0x00000030   Code   RO         5690    .text               mf_w.l(cdrcmple.o)
    0x08000c44   0x08000c44   0x00000038   Code   RO         5692    .text               mf_w.l(d2f.o)
    0x08000c7c   0x08000c7c   0x00000014   Code   RO         5694    .text               mf_w.l(cfcmple.o)
    0x08000c90   0x08000c90   0x00000014   Code   RO         5696    .text               mf_w.l(cfrcmple.o)
    0x08000ca4   0x08000ca4   0x0000002c   Code   RO         5713    .text               mc_w.l(uidiv.o)
    0x08000cd0   0x08000cd0   0x00000062   Code   RO         5715    .text               mc_w.l(uldiv.o)
    0x08000d32   0x08000d32   0x0000001e   Code   RO         5717    .text               mc_w.l(llshl.o)
    0x08000d50   0x08000d50   0x00000024   Code   RO         5719    .text               mc_w.l(llsshr.o)
    0x08000d74   0x08000d74   0x00000040   Code   RO         5725    .text               mc_w.l(_sgetc.o)
    0x08000db4   0x08000db4   0x0000009c   Code   RO         5727    .text               mc_w.l(strtod.o)
    0x08000e50   0x08000e50   0x00000000   Code   RO         5729    .text               mc_w.l(iusefp.o)
    0x08000e50   0x08000e50   0x0000006e   Code   RO         5730    .text               mf_w.l(fepilogue.o)
    0x08000ebe   0x08000ebe   0x000000ba   Code   RO         5732    .text               mf_w.l(depilogue.o)
    0x08000f78   0x08000f78   0x00000018   Code   RO         5734    .text               mf_w.l(dfltul.o)
    0x08000f90   0x08000f90   0x00000030   Code   RO         5736    .text               mf_w.l(dfixul.o)
    0x08000fc0   0x08000fc0   0x00000024   Code   RO         5738    .text               mc_w.l(init.o)
    0x08000fe4   0x08000fe4   0x0000000a   Code   RO         5740    .text               mc_w.l(isspace_c.o)
    0x08000fee   0x08000fee   0x00000002   PAD
    0x08000ff0   0x08000ff0   0x00000028   Code   RO         5744    .text               mc_w.l(ctype_c.o)
    0x08001018   0x08001018   0x00000056   Code   RO         5755    .text               mc_w.l(__dczerorl2.o)
    0x0800106e   0x0800106e   0x0000000a   Code   RO         4399    i.$Sub$$main        components.o
    0x08001078   0x08001078   0x0000005c   Code   RO         1686    i.ADC_ConversionStop_Disable  stm32f1xx_hal_adc.o
    0x080010d4   0x080010d4   0x00000052   Code   RO         1687    i.ADC_DMAConvCplt   stm32f1xx_hal_adc.o
    0x08001126   0x08001126   0x0000001e   Code   RO         1688    i.ADC_DMAError      stm32f1xx_hal_adc.o
    0x08001144   0x08001144   0x0000000e   Code   RO         1689    i.ADC_DMAHalfConvCplt  stm32f1xx_hal_adc.o
    0x08001152   0x08001152   0x00000002   PAD
    0x08001154   0x08001154   0x00000090   Code   RO         1690    i.ADC_Enable        stm32f1xx_hal_adc.o
    0x080011e4   0x080011e4   0x00000004   Code   RO         1435    i.BusFault_Handler  stm32f1xx_it.o
    0x080011e8   0x080011e8   0x00000010   Code   RO         1436    i.DMA1_Channel1_IRQHandler  stm32f1xx_it.o
    0x080011f8   0x080011f8   0x00000010   Code   RO         1437    i.DMA1_Channel2_IRQHandler  stm32f1xx_it.o
    0x08001208   0x08001208   0x00000010   Code   RO         1438    i.DMA1_Channel3_IRQHandler  stm32f1xx_it.o
    0x08001218   0x08001218   0x0000002c   Code   RO         2347    i.DMA_SetConfig     stm32f1xx_hal_dma.o
    0x08001244   0x08001244   0x00000002   Code   RO         1439    i.DebugMon_Handler  stm32f1xx_it.o
    0x08001246   0x08001246   0x00000002   PAD
    0x08001248   0x08001248   0x00000018   Code   RO         1440    i.EXTI2_IRQHandler  stm32f1xx_it.o
    0x08001260   0x08001260   0x00000006   Code   RO         1086    i.Error_Handler     main.o
    0x08001266   0x08001266   0x00000002   PAD
    0x08001268   0x08001268   0x00000160   Code   RO         1692    i.HAL_ADC_ConfigChannel  stm32f1xx_hal_adc.o
    0x080013c8   0x080013c8   0x00000002   Code   RO         1693    i.HAL_ADC_ConvCpltCallback  stm32f1xx_hal_adc.o
    0x080013ca   0x080013ca   0x00000002   Code   RO         1694    i.HAL_ADC_ConvHalfCpltCallback  stm32f1xx_hal_adc.o
    0x080013cc   0x080013cc   0x00000002   Code   RO         1696    i.HAL_ADC_ErrorCallback  stm32f1xx_hal_adc.o
    0x080013ce   0x080013ce   0x00000002   PAD
    0x080013d0   0x080013d0   0x00000160   Code   RO         1701    i.HAL_ADC_Init      stm32f1xx_hal_adc.o
    0x08001530   0x08001530   0x000000dc   Code   RO         1226    i.HAL_ADC_MspInit   adc.o
    0x0800160c   0x0800160c   0x00000180   Code   RO         1708    i.HAL_ADC_Start_DMA  stm32f1xx_hal_adc.o
    0x0800178c   0x0800178c   0x00000056   Code   RO         2348    i.HAL_DMA_Abort     stm32f1xx_hal_dma.o
    0x080017e2   0x080017e2   0x00000002   PAD
    0x080017e4   0x080017e4   0x000001a8   Code   RO         2349    i.HAL_DMA_Abort_IT  stm32f1xx_hal_dma.o
    0x0800198c   0x0800198c   0x00000398   Code   RO         2353    i.HAL_DMA_IRQHandler  stm32f1xx_hal_dma.o
    0x08001d24   0x08001d24   0x0000008c   Code   RO         2354    i.HAL_DMA_Init      stm32f1xx_hal_dma.o
    0x08001db0   0x08001db0   0x0000009c   Code   RO         2358    i.HAL_DMA_Start_IT  stm32f1xx_hal_dma.o
    0x08001e4c   0x08001e4c   0x00000028   Code   RO         1969    i.HAL_Delay         stm32f1xx_hal.o
    0x08001e74   0x08001e74   0x00000002   Code   RO         2282    i.HAL_GPIO_EXTI_Callback  stm32f1xx_hal_gpio.o
    0x08001e76   0x08001e76   0x00000002   PAD
    0x08001e78   0x08001e78   0x0000001c   Code   RO         2283    i.HAL_GPIO_EXTI_IRQHandler  stm32f1xx_hal_gpio.o
    0x08001e94   0x08001e94   0x00000340   Code   RO         2284    i.HAL_GPIO_Init     stm32f1xx_hal_gpio.o
    0x080021d4   0x080021d4   0x00000014   Code   RO         2287    i.HAL_GPIO_TogglePin  stm32f1xx_hal_gpio.o
    0x080021e8   0x080021e8   0x0000000c   Code   RO         2288    i.HAL_GPIO_WritePin  stm32f1xx_hal_gpio.o
    0x080021f4   0x080021f4   0x0000000c   Code   RO         1973    i.HAL_GetTick       stm32f1xx_hal.o
    0x08002200   0x08002200   0x00000018   Code   RO         1979    i.HAL_IncTick       stm32f1xx_hal.o
    0x08002218   0x08002218   0x00000028   Code   RO         1980    i.HAL_Init          stm32f1xx_hal.o
    0x08002240   0x08002240   0x0000004c   Code   RO         1981    i.HAL_InitTick      stm32f1xx_hal.o
    0x0800228c   0x0800228c   0x00000054   Code   RO         1553    i.HAL_MspInit       stm32f1xx_hal_msp.o
    0x080022e0   0x080022e0   0x00000020   Code   RO         2444    i.HAL_NVIC_EnableIRQ  stm32f1xx_hal_cortex.o
    0x08002300   0x08002300   0x0000007c   Code   RO         2450    i.HAL_NVIC_SetPriority  stm32f1xx_hal_cortex.o
    0x0800237c   0x0800237c   0x00000028   Code   RO         2451    i.HAL_NVIC_SetPriorityGrouping  stm32f1xx_hal_cortex.o
    0x080023a4   0x080023a4   0x00000130   Code   RO         2246    i.HAL_RCCEx_PeriphCLKConfig  stm32f1xx_hal_rcc_ex.o
    0x080024d4   0x080024d4   0x0000018c   Code   RO         2137    i.HAL_RCC_ClockConfig  stm32f1xx_hal_rcc.o
    0x08002660   0x08002660   0x0000000c   Code   RO         2142    i.HAL_RCC_GetHCLKFreq  stm32f1xx_hal_rcc.o
    0x0800266c   0x0800266c   0x00000020   Code   RO         2144    i.HAL_RCC_GetPCLK1Freq  stm32f1xx_hal_rcc.o
    0x0800268c   0x0800268c   0x00000020   Code   RO         2145    i.HAL_RCC_GetPCLK2Freq  stm32f1xx_hal_rcc.o
    0x080026ac   0x080026ac   0x00000070   Code   RO         2146    i.HAL_RCC_GetSysClockFreq  stm32f1xx_hal_rcc.o
    0x0800271c   0x0800271c   0x00000464   Code   RO         2149    i.HAL_RCC_OscConfig  stm32f1xx_hal_rcc.o
    0x08002b80   0x08002b80   0x00000034   Code   RO         2455    i.HAL_SYSTICK_Config  stm32f1xx_hal_cortex.o
    0x08002bb4   0x08002bb4   0x00000002   Code   RO         3687    i.HAL_TIMEx_BreakCallback  stm32f1xx_hal_tim_ex.o
    0x08002bb6   0x08002bb6   0x00000002   Code   RO         3688    i.HAL_TIMEx_CommutCallback  stm32f1xx_hal_tim_ex.o
    0x08002bb8   0x08002bb8   0x0000009c   Code   RO         3706    i.HAL_TIMEx_MasterConfigSynchronization  stm32f1xx_hal_tim_ex.o
    0x08002c54   0x08002c54   0x00000066   Code   RO         2972    i.HAL_TIM_Base_Init  stm32f1xx_hal_tim.o
    0x08002cba   0x08002cba   0x00000002   PAD
    0x08002cbc   0x08002cbc   0x00000094   Code   RO         1304    i.HAL_TIM_Base_MspInit  tim.o
    0x08002d50   0x08002d50   0x00000084   Code   RO         2975    i.HAL_TIM_Base_Start  stm32f1xx_hal_tim.o
    0x08002dd4   0x08002dd4   0x00000090   Code   RO         2977    i.HAL_TIM_Base_Start_IT  stm32f1xx_hal_tim.o
    0x08002e64   0x08002e64   0x0000010c   Code   RO         2981    i.HAL_TIM_ConfigClockSource  stm32f1xx_hal_tim.o
    0x08002f70   0x08002f70   0x000000c4   Code   RO         2993    i.HAL_TIM_Encoder_Init  stm32f1xx_hal_tim.o
    0x08003034   0x08003034   0x000000d4   Code   RO         1306    i.HAL_TIM_Encoder_MspInit  tim.o
    0x08003108   0x08003108   0x000000cc   Code   RO         2996    i.HAL_TIM_Encoder_Start  stm32f1xx_hal_tim.o
    0x080031d4   0x080031d4   0x00000002   Code   RO         3006    i.HAL_TIM_IC_CaptureCallback  stm32f1xx_hal_tim.o
    0x080031d6   0x080031d6   0x00000196   Code   RO         3020    i.HAL_TIM_IRQHandler  stm32f1xx_hal_tim.o
    0x0800336c   0x0800336c   0x00000098   Code   RO         1307    i.HAL_TIM_MspPostInit  tim.o
    0x08003404   0x08003404   0x00000002   Code   RO         3023    i.HAL_TIM_OC_DelayElapsedCallback  stm32f1xx_hal_tim.o
    0x08003406   0x08003406   0x00000104   Code   RO         3044    i.HAL_TIM_PWM_ConfigChannel  stm32f1xx_hal_tim.o
    0x0800350a   0x0800350a   0x00000066   Code   RO         3047    i.HAL_TIM_PWM_Init  stm32f1xx_hal_tim.o
    0x08003570   0x08003570   0x00000002   Code   RO         3049    i.HAL_TIM_PWM_MspInit  stm32f1xx_hal_tim.o
    0x08003572   0x08003572   0x00000002   Code   RO         3050    i.HAL_TIM_PWM_PulseFinishedCallback  stm32f1xx_hal_tim.o
    0x08003574   0x08003574   0x000000f4   Code   RO         3052    i.HAL_TIM_PWM_Start  stm32f1xx_hal_tim.o
    0x08003668   0x08003668   0x00000002   Code   RO         3058    i.HAL_TIM_PeriodElapsedCallback  stm32f1xx_hal_tim.o
    0x0800366a   0x0800366a   0x00000002   Code   RO         3063    i.HAL_TIM_TriggerCallback  stm32f1xx_hal_tim.o
    0x0800366c   0x0800366c   0x00000002   Code   RO         3966    i.HAL_UARTEx_RxEventCallback  stm32f1xx_hal_uart.o
    0x0800366e   0x0800366e   0x0000008a   Code   RO         3978    i.HAL_UART_DMAStop  stm32f1xx_hal_uart.o
    0x080036f8   0x080036f8   0x00000002   Code   RO         3980    i.HAL_UART_ErrorCallback  stm32f1xx_hal_uart.o
    0x080036fa   0x080036fa   0x00000002   PAD
    0x080036fc   0x080036fc   0x000002e4   Code   RO         3983    i.HAL_UART_IRQHandler  stm32f1xx_hal_uart.o
    0x080039e0   0x080039e0   0x00000076   Code   RO         3984    i.HAL_UART_Init     stm32f1xx_hal_uart.o
    0x08003a56   0x08003a56   0x00000002   PAD
    0x08003a58   0x08003a58   0x000001bc   Code   RO         1388    i.HAL_UART_MspInit  usart.o
    0x08003c14   0x08003c14   0x000000bc   Code   RO         3987    i.HAL_UART_Receive  stm32f1xx_hal_uart.o
    0x08003cd0   0x08003cd0   0x0000002c   Code   RO         3988    i.HAL_UART_Receive_DMA  stm32f1xx_hal_uart.o
    0x08003cfc   0x08003cfc   0x00000002   Code   RO         3990    i.HAL_UART_RxCpltCallback  stm32f1xx_hal_uart.o
    0x08003cfe   0x08003cfe   0x00000002   Code   RO         3991    i.HAL_UART_RxHalfCpltCallback  stm32f1xx_hal_uart.o
    0x08003d00   0x08003d00   0x000000b2   Code   RO         3992    i.HAL_UART_Transmit  stm32f1xx_hal_uart.o
    0x08003db2   0x08003db2   0x00000002   PAD
    0x08003db4   0x08003db4   0x0000008c   Code   RO         3993    i.HAL_UART_Transmit_DMA  stm32f1xx_hal_uart.o
    0x08003e40   0x08003e40   0x00000002   Code   RO         3995    i.HAL_UART_TxCpltCallback  stm32f1xx_hal_uart.o
    0x08003e42   0x08003e42   0x00000002   Code   RO         3996    i.HAL_UART_TxHalfCpltCallback  stm32f1xx_hal_uart.o
    0x08003e44   0x08003e44   0x00000030   Code   RO          908    i.IIC_Start         oled.o
    0x08003e74   0x08003e74   0x00000028   Code   RO          909    i.IIC_Stop          oled.o
    0x08003e9c   0x08003e9c   0x0000001c   Code   RO          910    i.IIC_Wait_Ack      oled.o
    0x08003eb8   0x08003eb8   0x00000060   Code   RO         1227    i.MX_ADC1_Init      adc.o
    0x08003f18   0x08003f18   0x00000054   Code   RO         1279    i.MX_DMA_Init       dma.o
    0x08003f6c   0x08003f6c   0x0000011c   Code   RO         1201    i.MX_GPIO_Init      gpio.o
    0x08004088   0x08004088   0x00000084   Code   RO         1308    i.MX_TIM1_Init      tim.o
    0x0800410c   0x0800410c   0x00000080   Code   RO         1309    i.MX_TIM2_Init      tim.o
    0x0800418c   0x0800418c   0x000000b8   Code   RO         1310    i.MX_TIM3_Init      tim.o
    0x08004244   0x08004244   0x000000b8   Code   RO         1311    i.MX_TIM4_Init      tim.o
    0x080042fc   0x080042fc   0x00000070   Code   RO         1312    i.MX_TIM5_Init      tim.o
    0x0800436c   0x0800436c   0x00000038   Code   RO         1389    i.MX_USART1_UART_Init  usart.o
    0x080043a4   0x080043a4   0x00000038   Code   RO         1390    i.MX_USART3_UART_Init  usart.o
    0x080043dc   0x080043dc   0x00000004   Code   RO         1441    i.MemManage_Handler  stm32f1xx_it.o
    0x080043e0   0x080043e0   0x000000bc   Code   RO          202    i.Motor_Set         motor.o
    0x0800449c   0x0800449c   0x00000004   Code   RO         1442    i.NMI_Handler       stm32f1xx_it.o
    0x080044a0   0x080044a0   0x0000003e   Code   RO          911    i.OLED_Clear        oled.o
    0x080044de   0x080044de   0x000000e4   Code   RO          915    i.OLED_Init         oled.o
    0x080045c2   0x080045c2   0x00000028   Code   RO          917    i.OLED_Set_Pos      oled.o
    0x080045ea   0x080045ea   0x00000002   PAD
    0x080045ec   0x080045ec   0x00000068   Code   RO          918    i.OLED_ShowCHinese  oled.o
    0x08004654   0x08004654   0x000000a4   Code   RO          919    i.OLED_ShowChar     oled.o
    0x080046f8   0x080046f8   0x0000003a   Code   RO          921    i.OLED_ShowString   oled.o
    0x08004732   0x08004732   0x00000018   Code   RO          922    i.OLED_WR_Byte      oled.o
    0x0800474a   0x0800474a   0x00000002   PAD
    0x0800474c   0x0800474c   0x000000c0   Code   RO           13    i.PID_Init          pid.o
    0x0800480c   0x0800480c   0x00000086   Code   RO           14    i.PID_realize       pid.o
    0x08004892   0x08004892   0x00000002   PAD
    0x08004894   0x08004894   0x00000028   Code   RO         2150    i.RCC_Delay         stm32f1xx_hal_rcc.o
    0x080048bc   0x080048bc   0x00000002   Code   RO         1443    i.SVC_Handler       stm32f1xx_it.o
    0x080048be   0x080048be   0x00000014   Code   RO         1577    i.SysTick_Handler   board.o
    0x080048d2   0x080048d2   0x00000082   Code   RO         1578    i.SystemClock_Config  board.o
    0x08004954   0x08004954   0x00000002   Code   RO         4328    i.SystemInit        system_stm32f1xx.o
    0x08004956   0x08004956   0x00000002   PAD
    0x08004958   0x08004958   0x00000010   Code   RO         1444    i.TIM2_IRQHandler   stm32f1xx_it.o
    0x08004968   0x08004968   0x00000270   Code   RO         1445    i.TIM5_IRQHandler   stm32f1xx_it.o
    0x08004bd8   0x08004bd8   0x0000009c   Code   RO         3065    i.TIM_Base_SetConfig  stm32f1xx_hal_tim.o
    0x08004c74   0x08004c74   0x00000022   Code   RO         3066    i.TIM_CCxChannelCmd  stm32f1xx_hal_tim.o
    0x08004c96   0x08004c96   0x00000016   Code   RO         3076    i.TIM_ETR_SetConfig  stm32f1xx_hal_tim.o
    0x08004cac   0x08004cac   0x00000012   Code   RO         3077    i.TIM_ITRx_SetConfig  stm32f1xx_hal_tim.o
    0x08004cbe   0x08004cbe   0x00000002   PAD
    0x08004cc0   0x08004cc0   0x00000070   Code   RO         3078    i.TIM_OC1_SetConfig  stm32f1xx_hal_tim.o
    0x08004d30   0x08004d30   0x0000007c   Code   RO         3079    i.TIM_OC2_SetConfig  stm32f1xx_hal_tim.o
    0x08004dac   0x08004dac   0x00000078   Code   RO         3080    i.TIM_OC3_SetConfig  stm32f1xx_hal_tim.o
    0x08004e24   0x08004e24   0x00000054   Code   RO         3081    i.TIM_OC4_SetConfig  stm32f1xx_hal_tim.o
    0x08004e78   0x08004e78   0x00000026   Code   RO         3083    i.TIM_TI1_ConfigInputStage  stm32f1xx_hal_tim.o
    0x08004e9e   0x08004e9e   0x00000028   Code   RO         3085    i.TIM_TI2_ConfigInputStage  stm32f1xx_hal_tim.o
    0x08004ec6   0x08004ec6   0x00000014   Code   RO         3997    i.UART_DMAAbortOnError  stm32f1xx_hal_uart.o
    0x08004eda   0x08004eda   0x00000050   Code   RO         3998    i.UART_DMAError     stm32f1xx_hal_uart.o
    0x08004f2a   0x08004f2a   0x000000b4   Code   RO         3999    i.UART_DMAReceiveCplt  stm32f1xx_hal_uart.o
    0x08004fde   0x08004fde   0x00000024   Code   RO         4001    i.UART_DMARxHalfCplt  stm32f1xx_hal_uart.o
    0x08005002   0x08005002   0x00000058   Code   RO         4003    i.UART_DMATransmitCplt  stm32f1xx_hal_uart.o
    0x0800505a   0x0800505a   0x0000000e   Code   RO         4005    i.UART_DMATxHalfCplt  stm32f1xx_hal_uart.o
    0x08005068   0x08005068   0x0000006c   Code   RO         4007    i.UART_EndRxTransfer  stm32f1xx_hal_uart.o
    0x080050d4   0x080050d4   0x00000020   Code   RO         4008    i.UART_EndTransmit_IT  stm32f1xx_hal_uart.o
    0x080050f4   0x080050f4   0x00000026   Code   RO         4009    i.UART_EndTxTransfer  stm32f1xx_hal_uart.o
    0x0800511a   0x0800511a   0x000000fc   Code   RO         4010    i.UART_Receive_IT   stm32f1xx_hal_uart.o
    0x08005216   0x08005216   0x00000002   PAD
    0x08005218   0x08005218   0x000000fc   Code   RO         4011    i.UART_SetConfig    stm32f1xx_hal_uart.o
    0x08005314   0x08005314   0x000000c8   Code   RO         4012    i.UART_Start_Receive_DMA  stm32f1xx_hal_uart.o
    0x080053dc   0x080053dc   0x00000060   Code   RO         4014    i.UART_Transmit_IT  stm32f1xx_hal_uart.o
    0x0800543c   0x0800543c   0x00000092   Code   RO         4015    i.UART_WaitOnFlagUntilTimeout  stm32f1xx_hal_uart.o
    0x080054ce   0x080054ce   0x00000002   PAD
    0x080054d0   0x080054d0   0x00000050   Code   RO         1446    i.USART1_IRQHandler  stm32f1xx_it.o
    0x08005520   0x08005520   0x000000e0   Code   RO         1447    i.USART3_IRQHandler  stm32f1xx_it.o
    0x08005600   0x08005600   0x00000004   Code   RO         1448    i.UsageFault_Handler  stm32f1xx_it.o
    0x08005604   0x08005604   0x0000003c   Code   RO         1087    i.Usart_WaitReasFinish  main.o
    0x08005640   0x08005640   0x00000060   Code   RO          923    i.Write_IIC_Byte    oled.o
    0x080056a0   0x080056a0   0x0000002c   Code   RO          924    i.Write_IIC_Command  oled.o
    0x080056cc   0x080056cc   0x0000002c   Code   RO          925    i.Write_IIC_Data    oled.o
    0x080056f8   0x080056f8   0x00000020   Code   RO         5600    i.__0printf         mc_w.l(printfa.o)
    0x08005718   0x08005718   0x00000028   Code   RO         5602    i.__0sprintf        mc_w.l(printfa.o)
    0x08005740   0x08005740   0x00000010   Code   RO         2457    i.__NVIC_GetPriorityGrouping  stm32f1xx_hal_cortex.o
    0x08005750   0x08005750   0x00000028   Code   RO         2458    i.__NVIC_SetPriority  stm32f1xx_hal_cortex.o
    0x08005778   0x08005778   0x0000005c   Code   RO         5632    i.__free$realloc    mc_w.l(mallocr.o)
    0x080057d4   0x080057d4   0x00000050   Code   RO         5633    i.__malloc$realloc  mc_w.l(mallocr.o)
    0x08005824   0x08005824   0x0000004c   Code   RO         4675    i.__rt_ffs          kservice.o
    0x08005870   0x08005870   0x0000000e   Code   RO         5749    i.__scatterload_copy  mc_w.l(handlers.o)
    0x0800587e   0x0800587e   0x00000002   Code   RO         5750    i.__scatterload_null  mc_w.l(handlers.o)
    0x08005880   0x08005880   0x0000000e   Code   RO         5751    i.__scatterload_zeroinit  mc_w.l(handlers.o)
    0x0800588e   0x0800588e   0x00000002   PAD
    0x08005890   0x08005890   0x00000184   Code   RO         5607    i._fp_digits        mc_w.l(printfa.o)
    0x08005a14   0x08005a14   0x0000000e   Code   RO         5660    i._is_digit         mc_w.l(scanf_fp.o)
    0x08005a22   0x08005a22   0x00000002   PAD
    0x08005a24   0x08005a24   0x000006dc   Code   RO         5608    i._printf_core      mc_w.l(printfa.o)
    0x08006100   0x08006100   0x00000024   Code   RO         5609    i._printf_post_padding  mc_w.l(printfa.o)
    0x08006124   0x08006124   0x0000002e   Code   RO         5610    i._printf_pre_padding  mc_w.l(printfa.o)
    0x08006152   0x08006152   0x00000002   PAD
    0x08006154   0x08006154   0x00000084   Code   RO         5055    i._rt_thread_init   thread.o
    0x080061d8   0x080061d8   0x00000042   Code   RO         5187    i._rt_timer_init    timer.o
    0x0800621a   0x0800621a   0x0000001c   Code   RO         5188    i._rt_timer_remove  timer.o
    0x08006236   0x08006236   0x0000000a   Code   RO         5612    i._sputc            mc_w.l(printfa.o)
    0x08006240   0x08006240   0x0000001c   Code   RO         5056    i._thread_cleanup_execute  thread.o
    0x0800625c   0x0800625c   0x00000018   Code   RO         1228    i.adc_dma_start     adc.o
    0x08006274   0x08006274   0x000001f8   Code   RO         1579    i.all_control       board.o
    0x0800646c   0x0800646c   0x0000000a   Code   RO         1088    i.all_thread_entry  main.o
    0x08006476   0x08006476   0x00000048   Code   RO          229    i.buffer_skip_whitespace  cjson.o
    0x080064be   0x080064be   0x00000002   PAD
    0x080064c0   0x080064c0   0x00000058   Code   RO          261    i.cJSON_Delete      cjson.o
    0x08006518   0x08006518   0x00000012   Code   RO          274    i.cJSON_GetObjectItem  cjson.o
    0x0800652a   0x0800652a   0x0000001a   Code   RO          291    i.cJSON_New_Item    cjson.o
    0x08006544   0x08006544   0x00000010   Code   RO          292    i.cJSON_Parse       cjson.o
    0x08006554   0x08006554   0x000000d4   Code   RO          294    i.cJSON_ParseWithLengthOpts  cjson.o
    0x08006628   0x08006628   0x00000028   Code   RO          295    i.cJSON_ParseWithOpts  cjson.o
    0x08006650   0x08006650   0x00000048   Code   RO          310    i.case_insensitive_strcmp  cjson.o
    0x08006698   0x08006698   0x00000068   Code   RO         1229    i.data_pros         adc.o
    0x08006700   0x08006700   0x00000020   Code   RO         1089    i.fputc             main.o
    0x08006720   0x08006720   0x00000004   Code   RO          316    i.get_decimal_point  cjson.o
    0x08006724   0x08006724   0x00000052   Code   RO          317    i.get_object_item   cjson.o
    0x08006776   0x08006776   0x00000002   PAD
    0x08006778   0x08006778   0x00000050   Code   RO         5634    i.internal_alloc    mc_w.l(mallocr.o)
    0x080067c8   0x080067c8   0x0000004c   Code   RO         1090    i.main              main.o
    0x08006814   0x08006814   0x0000000e   Code   RO         4400    i.main_thread_entry  components.o
    0x08006822   0x08006822   0x00000002   PAD
    0x08006824   0x08006824   0x00000128   Code   RO          928    i.oled_show         oled.o
    0x0800694c   0x0800694c   0x000000f8   Code   RO          319    i.parse_array       cjson.o
    0x08006a44   0x08006a44   0x0000005a   Code   RO          320    i.parse_hex4        cjson.o
    0x08006a9e   0x08006a9e   0x00000002   PAD
    0x08006aa0   0x08006aa0   0x00000138   Code   RO          321    i.parse_number      cjson.o
    0x08006bd8   0x08006bd8   0x0000013e   Code   RO          322    i.parse_object      cjson.o
    0x08006d16   0x08006d16   0x0000018c   Code   RO          323    i.parse_string      cjson.o
    0x08006ea2   0x08006ea2   0x00000002   PAD
    0x08006ea4   0x08006ea4   0x0000013c   Code   RO          324    i.parse_value       cjson.o
    0x08006fe0   0x08006fe0   0x00000078   Code   RO         4833    i.plug_holes        mem.o
    0x08007058   0x08007058   0x0000006c   Code   RO         5635    i.realloc           mc_w.l(mallocr.o)
    0x080070c4   0x080070c4   0x00000030   Code   RO         4401    i.rt_application_init  components.o
    0x080070f4   0x080070f4   0x0000001c   Code   RO         4402    i.rt_components_board_init  components.o
    0x08007110   0x08007110   0x0000001c   Code   RO         4403    i.rt_components_init  components.o
    0x0800712c   0x0800712c   0x00000020   Code   RO         4983    i.rt_enter_critical  scheduler.o
    0x0800714c   0x0800714c   0x00000044   Code   RO         4984    i.rt_exit_critical  scheduler.o
    0x08007190   0x08007190   0x00000078   Code   RO         4835    i.rt_free           mem.o
    0x08007208   0x08007208   0x00000008   Code   RO         1580    i.rt_heap_begin_get  board.o
    0x08007210   0x08007210   0x00000008   Code   RO         1581    i.rt_heap_end_get   board.o
    0x08007218   0x08007218   0x00000150   Code   RO         1582    i.rt_hw_board_init  board.o
    0x08007368   0x08007368   0x00000024   Code   RO         5306    i.rt_hw_hard_fault_exception  cpuport.o
    0x0800738c   0x0800738c   0x0000004c   Code   RO         5307    i.rt_hw_stack_init  cpuport.o
    0x080073d8   0x080073d8   0x00000020   Code   RO         4648    i.rt_interrupt_enter  irq.o
    0x080073f8   0x080073f8   0x00000020   Code   RO         4650    i.rt_interrupt_leave  irq.o
    0x08007418   0x08007418   0x00000014   Code   RO         4508    i.rt_ipc_list_resume  ipc.o
    0x0800742c   0x0800742c   0x0000006e   Code   RO         4510    i.rt_ipc_list_suspend  ipc.o
    0x0800749a   0x0800749a   0x00000010   Code   RO         4511    i.rt_ipc_object_init  ipc.o
    0x080074aa   0x080074aa   0x00000006   Code   RO         4512    i.rt_list_init      ipc.o
    0x080074b0   0x080074b0   0x00000006   Code   RO         4985    i.rt_list_init      scheduler.o
    0x080074b6   0x080074b6   0x00000006   Code   RO         5189    i.rt_list_init      timer.o
    0x080074bc   0x080074bc   0x0000000e   Code   RO         4895    i.rt_list_insert_after  object.o
    0x080074ca   0x080074ca   0x0000000e   Code   RO         5057    i.rt_list_insert_after  thread.o
    0x080074d8   0x080074d8   0x0000000e   Code   RO         5190    i.rt_list_insert_after  timer.o
    0x080074e6   0x080074e6   0x0000000e   Code   RO         4513    i.rt_list_insert_before  ipc.o
    0x080074f4   0x080074f4   0x00000010   Code   RO         4514    i.rt_list_isempty   ipc.o
    0x08007504   0x08007504   0x00000010   Code   RO         5191    i.rt_list_isempty   timer.o
    0x08007514   0x08007514   0x00000012   Code   RO         4896    i.rt_list_remove    object.o
    0x08007526   0x08007526   0x00000012   Code   RO         5058    i.rt_list_remove    thread.o
    0x08007538   0x08007538   0x00000012   Code   RO         5192    i.rt_list_remove    timer.o
    0x0800754a   0x0800754a   0x00000002   PAD
    0x0800754c   0x0800754c   0x0000016c   Code   RO         4836    i.rt_malloc         mem.o
    0x080076b8   0x080076b8   0x00000048   Code   RO         4684    i.rt_memset         kservice.o
    0x08007700   0x08007700   0x00000054   Code   RO         4897    i.rt_object_allocate  object.o
    0x08007754   0x08007754   0x00000024   Code   RO         4898    i.rt_object_delete  object.o
    0x08007778   0x08007778   0x0000001e   Code   RO         4899    i.rt_object_detach  object.o
    0x08007796   0x08007796   0x00000002   PAD
    0x08007798   0x08007798   0x00000028   Code   RO         4901    i.rt_object_get_information  object.o
    0x080077c0   0x080077c0   0x00000056   Code   RO         4905    i.rt_object_init    object.o
    0x08007816   0x08007816   0x00000012   Code   RO         4906    i.rt_object_is_systemobject  object.o
    0x08007828   0x08007828   0x00000084   Code   RO         4986    i.rt_schedule       scheduler.o
    0x080078ac   0x080078ac   0x00000050   Code   RO         4987    i.rt_schedule_insert_thread  scheduler.o
    0x080078fc   0x080078fc   0x00000054   Code   RO         4988    i.rt_schedule_remove_thread  scheduler.o
    0x08007950   0x08007950   0x00000026   Code   RO         4527    i.rt_sem_init       ipc.o
    0x08007976   0x08007976   0x00000052   Code   RO         4528    i.rt_sem_release    ipc.o
    0x080079c8   0x080079c8   0x00000074   Code   RO         4529    i.rt_sem_take       ipc.o
    0x08007a3c   0x08007a3c   0x00000002   Code   RO         4686    i.rt_show_version   kservice.o
    0x08007a3e   0x08007a3e   0x00000034   Code   RO         4694    i.rt_strncpy        kservice.o
    0x08007a72   0x08007a72   0x00000002   PAD
    0x08007a74   0x08007a74   0x000000b0   Code   RO         4839    i.rt_system_heap_init  mem.o
    0x08007b24   0x08007b24   0x0000004c   Code   RO         4989    i.rt_system_scheduler_init  scheduler.o
    0x08007b70   0x08007b70   0x00000030   Code   RO         4990    i.rt_system_scheduler_start  scheduler.o
    0x08007ba0   0x08007ba0   0x0000001c   Code   RO         5193    i.rt_system_timer_init  timer.o
    0x08007bbc   0x08007bbc   0x00000002   Code   RO         5194    i.rt_system_timer_thread_init  timer.o
    0x08007bbe   0x08007bbe   0x00000050   Code   RO         5060    i.rt_thread_create  thread.o
    0x08007c0e   0x08007c0e   0x00000002   PAD
    0x08007c10   0x08007c10   0x00000058   Code   RO         5065    i.rt_thread_exit    thread.o
    0x08007c68   0x08007c68   0x00000008   Code   RO         4473    i.rt_thread_idle_entry  idle.o
    0x08007c70   0x08007c70   0x00000060   Code   RO         4474    i.rt_thread_idle_excute  idle.o
    0x08007cd0   0x08007cd0   0x0000003c   Code   RO         4476    i.rt_thread_idle_init  idle.o
    0x08007d0c   0x08007d0c   0x00000034   Code   RO         5067    i.rt_thread_init    thread.o
    0x08007d40   0x08007d40   0x0000003c   Code   RO         5069    i.rt_thread_resume  thread.o
    0x08007d7c   0x08007d7c   0x0000000c   Code   RO         5070    i.rt_thread_self    thread.o
    0x08007d88   0x08007d88   0x0000002c   Code   RO         5072    i.rt_thread_startup  thread.o
    0x08007db4   0x08007db4   0x00000044   Code   RO         5073    i.rt_thread_suspend  thread.o
    0x08007df8   0x08007df8   0x00000020   Code   RO         5074    i.rt_thread_timeout  thread.o
    0x08007e18   0x08007e18   0x00000064   Code   RO         5075    i.rt_thread_yield   thread.o
    0x08007e7c   0x08007e7c   0x0000000c   Code   RO         4363    i.rt_tick_get       clock.o
    0x08007e88   0x08007e88   0x00000030   Code   RO         4364    i.rt_tick_increase  clock.o
    0x08007eb8   0x08007eb8   0x000000a4   Code   RO         5195    i.rt_timer_check    timer.o
    0x08007f5c   0x08007f5c   0x00000062   Code   RO         5196    i.rt_timer_control  timer.o
    0x08007fbe   0x08007fbe   0x00000028   Code   RO         5199    i.rt_timer_detach   timer.o
    0x08007fe6   0x08007fe6   0x0000002e   Code   RO         5200    i.rt_timer_init     timer.o
    0x08008014   0x08008014   0x000000ec   Code   RO         5203    i.rt_timer_start    timer.o
    0x08008100   0x08008100   0x00000030   Code   RO         5204    i.rt_timer_stop     timer.o
    0x08008130   0x08008130   0x00000004   Code   RO         4404    i.rti_board_end     components.o
    0x08008134   0x08008134   0x00000004   Code   RO         4405    i.rti_board_start   components.o
    0x08008138   0x08008138   0x00000004   Code   RO         4406    i.rti_end           components.o
    0x0800813c   0x0800813c   0x00000004   Code   RO         4407    i.rti_start         components.o
    0x08008140   0x08008140   0x0000002a   Code   RO         4408    i.rtthread_startup  components.o
    0x0800816a   0x0800816a   0x00000002   PAD
    0x0800816c   0x0800816c   0x0000003c   Code   RO          335    i.skip_utf8_bom     cjson.o
    0x080081a8   0x080081a8   0x0000001c   Code   RO         5343    i.strtod            m_ws.l(strtod.o)
    0x080081c4   0x080081c4   0x0000012c   Code   RO          338    i.utf16_literal_to_utf8  cjson.o
    0x080082f0   0x080082f0   0x00000818   Data   RO          929    .constdata          oled.o
    0x08008b08   0x08008b08   0x00000012   Data   RO         2151    .constdata          stm32f1xx_hal_rcc.o
    0x08008b1a   0x08008b1a   0x00000018   Data   RO         4329    .constdata          system_stm32f1xx.o
    0x08008b32   0x08008b32   0x00000122   Data   RO         4700    .constdata          kservice.o
    0x08008c54   0x08008c54   0x00000040   Data   RO         5745    .constdata          mc_w.l(ctype_c.o)
    0x08008c94   0x08008c94   0x00000004   Data   RO         4409    .rti_fn.0           components.o
    0x08008c98   0x08008c98   0x00000004   Data   RO         4410    .rti_fn.0.end       components.o
    0x08008c9c   0x08008c9c   0x00000004   Data   RO         4411    .rti_fn.1.end       components.o
    0x08008ca0   0x08008ca0   0x00000004   Data   RO         4412    .rti_fn.6.end       components.o
    0x08008ca4   0x08008ca4   0x00000020   Data   RO         5747    Region$$Table       anon$$obj.o


    Execution Region RW_IRAM1 (Exec base: 0x20000000, Load base: 0x08008cc4, Size: 0x00002cf0, Max: 0x0000c000, ABSOLUTE, COMPRESSED[0x000001c8])

    Exec Addr    Load Addr    Size         Type   Attr      Idx    E Section Name        Object

    0x20000000   COMPRESSED   0x00000014   Data   RW          340    .data               cjson.o
    0x20000014   COMPRESSED   0x00000380   Data   RW          930    .data               oled.o
    0x20000394   COMPRESSED   0x00000006   Data   RW         1092    .data               main.o
    0x2000039a   COMPRESSED   0x00000002   PAD
    0x2000039c   COMPRESSED   0x00000034   Data   RW         1450    .data               stm32f1xx_it.o
    0x200003d0   COMPRESSED   0x00000028   Data   RW         1584    .data               board.o
    0x200003f8   COMPRESSED   0x00000009   Data   RW         1987    .data               stm32f1xx_hal.o
    0x20000401   COMPRESSED   0x00000003   PAD
    0x20000404   COMPRESSED   0x00000004   Data   RW         4330    .data               system_stm32f1xx.o
    0x20000408   COMPRESSED   0x00000004   Data   RW         4366    .data               clock.o
    0x2000040c   COMPRESSED   0x00000001   Data   RW         4651    .data               irq.o
    0x2000040d   COMPRESSED   0x00000003   PAD
    0x20000410   COMPRESSED   0x00000018   Data   RW         4841    .data               mem.o
    0x20000428   COMPRESSED   0x00000040   Data   RW         4908    .data               object.o
    0x20000468   COMPRESSED   0x00000018   Data   RW         4992    .data               scheduler.o
    0x20000480   COMPRESSED   0x0000000c   Data   RW         5205    .data               timer.o
    0x2000048c   COMPRESSED   0x00000010   Data   RW         5308    .data               cpuport.o
    0x2000049c   COMPRESSED   0x00000004   Data   RW         5712    .data               mc_w.l(stdout.o)
    0x200004a0   COMPRESSED   0x00000004   Data   RW         5721    .data               mc_w.l(mvars.o)
    0x200004a4   COMPRESSED   0x00000004   Data   RW         5722    .data               mc_w.l(mvars.o)
    0x200004a8        -       0x00000090   Zero   RW           17    .bss                pid.o
    0x20000538        -       0x00000023   Zero   RW         1091    .bss                main.o
    0x2000055b   COMPRESSED   0x00000001   PAD
    0x2000055c        -       0x000000c4   Zero   RW         1230    .bss                adc.o
    0x20000620        -       0x00000168   Zero   RW         1313    .bss                tim.o
    0x20000788        -       0x00000118   Zero   RW         1391    .bss                usart.o
    0x200008a0        -       0x00000114   Zero   RW         1449    .bss                stm32f1xx_it.o
    0x200009b4        -       0x000010a0   Zero   RW         1583    .bss                board.o
    0x20001a54        -       0x00000178   Zero   RW         4477    .bss                idle.o
    0x20001bcc        -       0x00000020   Zero   RW         4840    .bss                mem.o
    0x20001bec        -       0x00000100   Zero   RW         4991    .bss                scheduler.o
    0x20001cec   COMPRESSED   0x00000004   PAD
    0x20001cf0        -       0x00000800   Zero   RW            2    HEAP                startup_stm32f103xe.o
    0x200024f0        -       0x00000800   Zero   RW            1    STACK               startup_stm32f103xe.o


==============================================================================

Image component sizes


      Code (inc. data)   RO Data    RW Data    ZI Data      Debug   Object Name

       444         64          0          0        196       2809   adc.o
      1006        154          0         40       4256      31393   board.o
      2670         66          0         20          0      16605   cjson.o
        60         12          0          4          0       1105   clock.o
       186         30         16          0          0       5416   components.o
       244         28          0          0          0        760   context_rvds.o
       112         10          0         16          0       3098   cpuport.o
        84          4          0          0          0        746   dma.o
       284         16          0          0          0        995   gpio.o
       164         26          0          0        376       4886   idle.o
       418          0          0          0          0       7941   ipc.o
        64         12          0          1          0       1454   irq.o
       202          6        290          0          0       5116   kservice.o
       184         34          0          6         35      10296   main.o
       780         92          0         24         32       3676   mem.o
       188          8          0          0          0        632   motor.o
       326          4          0         64          0       7852   object.o
      1276         82       2072        896          0       8795   oled.o
       326         54          0          0        144     503289   pid.o
       526         90          0         24        256       8042   scheduler.o
        36          8        304          0       4096        792   startup_stm32f103xe.o
       192         36          0          9          0       6449   stm32f1xx_hal.o
      1456         58          0          0          0       8282   stm32f1xx_hal_adc.o
       304         22          0          0          0      29367   stm32f1xx_hal_cortex.o
      1770         28          0          0          0       5242   stm32f1xx_hal_dma.o
       894         44          0          0          0       4409   stm32f1xx_hal_gpio.o
        84          8          0          0          0        878   stm32f1xx_hal_msp.o
      1748         98         18          0          0       5912   stm32f1xx_hal_rcc.o
       304         14          0          0          0       1388   stm32f1xx_hal_rcc_ex.o
      2818        124          0          0          0      18752   stm32f1xx_hal_tim.o
       160         22          0          0          0       2409   stm32f1xx_hal_tim_ex.o
      3100         34          0          0          0      20282   stm32f1xx_hal_uart.o
      1036        206          0         52        276       8681   stm32f1xx_it.o
         2          0         24          4          0       1095   system_stm32f1xx.o
       728         32          0          0          0      10683   thread.o
      1252         96          0          0        360       5810   tim.o
       810         24          0         12          0      10988   timer.o
       556         56          0          0        280       2577   usart.o

    ----------------------------------------------------------------------
     26848       1702       2756       1180      10312     768902   Object Totals
         0          0         32          0          0          0   (incl. Generated)
        54          0          0          8          5          0   (incl. Padding)

    ----------------------------------------------------------------------

      Code (inc. data)   RO Data    RW Data    ZI Data      Debug   Library Member Name

        28          0          0          0          0         80   strtod.o
        86          0          0          0          0          0   __dczerorl2.o
        64          0          0          0          0         84   _sgetc.o
        40          6         64          0          0         68   ctype_c.o
         0          0          0          0          0          0   entry.o
         0          0          0          0          0          0   entry10a.o
         0          0          0          0          0          0   entry11a.o
         8          4          0          0          0          0   entry2.o
         4          0          0          0          0          0   entry5.o
         0          0          0          0          0          0   entry7b.o
         0          0          0          0          0          0   entry8b.o
         8          4          0          0          0          0   entry9a.o
        30          0          0          0          0          0   handlers.o
        36          8          0          0          0         68   init.o
        10          0          0          0          0         68   isspace_c.o
         0          0          0          0          0          0   iusefp.o
        30          0          0          0          0         68   llshl.o
        36          0          0          0          0         68   llsshr.o
        32          0          0          0          0         68   llushr.o
       360         30          0          0          0        356   mallocr.o
        36          0          0          0          0         68   memcpya.o
        36          0          0          0          0        108   memseta.o
         0          0          0          8          0          0   mvars.o
      2308         96          0          0          0        604   printfa.o
       878         12          0          0          0        216   scanf_fp.o
         0          0          0          4          0          0   stdout.o
        28          0          0          0          0         76   strcmp.o
        14          0          0          0          0         68   strlen.o
        30          0          0          0          0         80   strncmp.o
       156         12          0          0          0        120   strtod.o
        12          0          0          0          0         68   tolower.o
        44          0          0          0          0         80   uidiv.o
        98          0          0          0          0         92   uldiv.o
        48          0          0          0          0         68   cdcmple.o
        48          0          0          0          0         68   cdrcmple.o
        20          0          0          0          0         68   cfcmple.o
        20          0          0          0          0         68   cfrcmple.o
        56          0          0          0          0         88   d2f.o
       334          0          0          0          0        148   dadd.o
       222          0          0          0          0        100   ddiv.o
       186          0          0          0          0        176   depilogue.o
        62          0          0          0          0         80   dfixi.o
        48          0          0          0          0         68   dfixul.o
        26          0          0          0          0         76   dfltui.o
        24          0          0          0          0         76   dfltul.o
       228          0          0          0          0         96   dmul.o
        38          0          0          0          0         68   f2d.o
       176          0          0          0          0        140   fadd.o
       124          0          0          0          0         88   fdiv.o
       110          0          0          0          0        168   fepilogue.o
        50          0          0          0          0         68   ffixi.o
        18          0          0          0          0         68   fflti.o
        10          0          0          0          0         68   ffltui.o
       100          0          0          0          0         76   fmul.o

    ----------------------------------------------------------------------
      6368        172         64         12          0       4432   Library Totals
         8          0          0          0          0          0   (incl. Padding)

    ----------------------------------------------------------------------

      Code (inc. data)   RO Data    RW Data    ZI Data      Debug   Library Name

        28          0          0          0          0         80   m_ws.l
      4384        172         64         12          0       2428   mc_w.l
      1948          0          0          0          0       1924   mf_w.l

    ----------------------------------------------------------------------
      6368        172         64         12          0       4432   Library Totals

    ----------------------------------------------------------------------

==============================================================================


      Code (inc. data)   RO Data    RW Data    ZI Data      Debug   

     33216       1874       2820       1192      10312     758018   Grand Totals
     33216       1874       2820        456      10312     758018   ELF Image Totals (compressed)
     33216       1874       2820        456          0          0   ROM Totals

==============================================================================

    Total RO  Size (Code + RO Data)                36036 (  35.19kB)
    Total RW  Size (RW Data + ZI Data)             11504 (  11.23kB)
    Total ROM Size (Code + RO Data + RW Data)      36492 (  35.64kB)

==============================================================================

